[creativewebsitemarketing.com/index.html]
[creativewebsitemarketing.com/xmlrpc.php]
[backblue.gif]
[fade.gif]
[index.html]
[creativewebsitemarketing.com/wp-content/plugins/contact-form-7/includes/css/styles7661.css]
[creativewebsitemarketing.com/wp-content/plugins/wpcf7-redirect/build/css/wpcf7-redirect-frontend.min41a3.css]
[creativewebsitemarketing.com/wp-content/plugins/simple-social-icons/css/style5b75.css]
[use.fontawesome.com/releases/v5.15.4/css/all7406.css]
[use.fontawesome.com/releases/v5.15.4/css/v4-shims7406.css]
[creativewebsitemarketing.com/wp-content/themes/flatsome/assets/css/flatsome64e1.css]
[creativewebsitemarketing.com/feed/index.html]
[creativewebsitemarketing.com/wp-content/themes/flatsome/assets/css/icons/fl-icons93f2.eot]
[creativewebsitemarketing.com/wp-content/themes/flatsome/assets/css/icons/fl-icons.eot]
[creativewebsitemarketing.com/comments/feed/index.html]
[creativewebsitemarketing.com/wp-content/themes/flatsome/assets/css/icons/fl-icons93f2.woff2]
[creativewebsitemarketing.com/wp-content/themes/flatsome/assets/css/icons/fl-icons93f2.ttf]
[creativewebsitemarketing.com/wp-content/themes/flatsome/assets/css/icons/fl-icons93f2.woff]
[creativewebsitemarketing.com/wp-content/themes/flatsome/assets/css/icons/fl-icons93f2.svg]
[creativewebsitemarketing.com/wp-content/themes/flatsome/style64e1.css]
[creativewebsitemarketing.com/wp-content/plugins/google-analytics-for-wordpress/assets/js/frontend-gtag.min3b7f.js]
[creativewebsitemarketing.com/wp-includes/js/jquery/jquery.minaf6c.js]
[creativewebsitemarketing.com/wp-includes/js/jquery/jquery-migrate.mind617.js]
[creativewebsitemarketing.com/wp-content/plugins/simple-social-icons/svgxusedaae.js]
[creativewebsitemarketing.com/wp-json/wp/v2/pages/21.json]
[creativewebsitemarketing.com/wp-json/index.html]
[creativewebsitemarketing.com/xmlrpc0db0.php]
[creativewebsitemarketing.com/wp-includes/wlwmanifest.xml]
[creativewebsitemarketing.com/wp-json/oembed/1.0/embeda900.json]
[creativewebsitemarketing.com/wp-json/oembed/1.0/embed38a8]
[js.hs-scripts.com/4938005.js]
[creativewebsitemarketing.com/wp-content/uploads/cropped-cwm-site-icon-32x32.png]
[creativewebsitemarketing.com/wp-content/uploads/cropped-cwm-site-icon-192x192.png]
[creativewebsitemarketing.com/wp-content/uploads/cropped-cwm-site-icon-180x180.png]
[creativewebsitemarketing.com/wp-content/uploads/ppc-services-main-blue.png]
[creativewebsitemarketing.com/ppc-management/index.html]
[creativewebsitemarketing.com/search-engine-optimization/index.html]
[creativewebsitemarketing.com/wp-content/uploads/creative-website-marketing-1.svg]
[creativewebsitemarketing.com/case-studies/index.html]
[creativewebsitemarketing.com/digital-marketing-agency-nashville/index.html]
[creativewebsitemarketing.com/wp-content/uploads/search-engine-optimization.png]
[creativewebsitemarketing.com/blog/index.html]
[creativewebsitemarketing.com/request-proposal/index.html]
[creativewebsitemarketing.com/wp-content/uploads/woman-typing-at-desk.png]
[creativewebsitemarketing.com/wp-content/uploads/woman-writing.png]
[creativewebsitemarketing.com/free-seo-audit-tool/index.html]
[creativewebsitemarketing.com/wp-content/uploads/man-carrying-laptop.png]
[creativewebsitemarketing.com/wp-content/plugins/business-reviews-bundle/assets/img/google_avatar.png]
[creativewebsitemarketing.com/wp-content/plugins/simple-social-icons/symbol-defs.svg]
[creativewebsitemarketing.com/storage-industry-seo-ppc-case-study/index.html]
[creativewebsitemarketing.com/wp-content/uploads/google-partner-RGB-search-disp.png]
[creativewebsitemarketing.com/insurance-industry-seo-ppc-case-study/index.html]
[creativewebsitemarketing.com/wp-content/plugins/business-reviews-bundle/assets/css/brb-main4b1d.css]
[creativewebsitemarketing.com/wp-includes/js/dist/vendor/regenerator-runtime.minb36a.js]
[creativewebsitemarketing.com/energy-industry-ppc-seo-case-study/index.html]
[creativewebsitemarketing.com/how-to-write-seo-content/index.html]
[creativewebsitemarketing.com/how-to-add-keywords-in-google-ads/index.html]
[creativewebsitemarketing.com/wp-includes/js/dist/vendor/wp-polyfill.min2c7c.js]
[creativewebsitemarketing.com/seo-vs-ppc-how-to-know-which-is-best/index.html]
[creativewebsitemarketing.com/terms-of-use/index.html]
[creativewebsitemarketing.com/wp-content/plugins/contact-form-7/includes/js/index7661.js]
[creativewebsitemarketing.com/privacy-policy/index.html]
[creativewebsitemarketing.com/wp-content/plugins/wpcf7-redirect/build/js/wpcf7-redirect-frontend-script4963.js]
[creativewebsitemarketing.com/wp-content/themes/flatsome/inc/extensions/flatsome-live-search/flatsome-live-search64e1.js]
[www.google.com/recaptcha/api7bb3.js]
[creativewebsitemarketing.com/wp-content/plugins/contact-form-7/modules/recaptcha/index7661.js]
[creativewebsitemarketing.com/wp-includes/js/hoverIntent.minc245.js]
[creativewebsitemarketing.com/wp-content/themes/flatsome/assets/js/flatsome7986.js]
[creativewebsitemarketing.com/wp-includes/js/wp-embed.min41a3.js]
[creativewebsitemarketing.com/index.html]
[creativewebsitemarketing.com/xmlrpc.html]
[creativewebsitemarketing.com/wp-content/plugins/contact-form-7/includes/css/styles7661.css]
[creativewebsitemarketing.com/wp-content/plugins/wpcf7-redirect/build/css/wpcf7-redirect-frontend.min41a3.css]
[creativewebsitemarketing.com/wp-content/plugins/simple-social-icons/css/style5b75.css]
[use.fontawesome.com/releases/v5.15.4/css/all7406.css]
[use.fontawesome.com/releases/v5.15.4/css/v4-shims7406.css]
[creativewebsitemarketing.com/wp-content/plugins/business-reviews-bundle/assets/js/brb-main4b1d.js]
[creativewebsitemarketing.com/wp-content/themes/flatsome/assets/img/shadow@2x.png]
[creativewebsitemarketing.com/wp-content/themes/flatsome/assets/img/underline.png]
[creativewebsitemarketing.com/wp-content/themes/flatsome/assets/css/flatsome64e1.css]
[creativewebsitemarketing.com/wp-content/themes/flatsome/assets/css/icons/fl-icons93f2.svg]
[creativewebsitemarketing.com/wp-content/themes/flatsome/style64e1.css]
[creativewebsitemarketing.com/xmlrpc0db0.html]
[www.googletagmanager.com/gtm5445.html]
[creativewebsitemarketing.com/wp-content/uploads/creative-website-marketing-1.svg]
[cwm2017a.thirteenprime.com/wp-content/uploads/sites/28/Website-Logo.html]
[creativewebsitemarketing.com/wp-json/wp/v2/pages/1777.json]
[creativewebsitemarketing.com/wp-json/oembed/1.0/embed630d.json]
[creativewebsitemarketing.com/wp-json/oembed/1.0/embed0b19]
[creativewebsitemarketing.com/wp-content/uploads/woman-pointing-at-chart.png]
[creativewebsitemarketing.com/wp-content/uploads/man-on-laptop-green.png]
[creativewebsitemarketing.com/wp-content/uploads/business-woman.png]
[dyv6f9ner1ir9.cloudfront.net/assets/js/nloader.js]
[creativewebsitemarketing.com/wp-content/uploads/typing-on-laptop-green.png]
[creativewebsitemarketing.com/wp-content/uploads/man-writing.png]
[creativewebsitemarketing.com/wp-content/uploads/video-call.png]
[creativewebsitemarketing.com/wp-content/uploads/man-carrying-papers-blue.png]
[creativewebsitemarketing.com/wp-content/uploads/woman-carrying-laptop-blue.png]
[creativewebsitemarketing.com/wp-content/uploads/pencil.png]
[creativewebsitemarketing.com/wp-content/uploads/light-bulb.png]
[creativewebsitemarketing.com/wp-content/uploads/chart-showing-increase.png]
[creativewebsitemarketing.com/wp-content/uploads/pie-chart.png]
[creativewebsitemarketing.com/wp-content/uploads/advanced-targeting.png]
[creativewebsitemarketing.com/wp-content/uploads/new-ad-formats.png]
[creativewebsitemarketing.com/wp-content/uploads/remarketing.png]
[creativewebsitemarketing.com/wp-content/uploads/a-b-tests.png]
[creativewebsitemarketing.com/wp-content/uploads/check-mark-green.png]
[creativewebsitemarketing.com/ppc-management/index.html]
[creativewebsitemarketing.com/software-industry-ppc-case-study/index.html]
[creativewebsitemarketing.com/wp-json/wp/v2/pages/2250.json]
[creativewebsitemarketing.com/automotive-industry-ppc-case-study/index.html]
[creativewebsitemarketing.com/wp-json/oembed/1.0/embed754e.json]
[creativewebsitemarketing.com/wp-json/oembed/1.0/embed5fce]
[cdn.mysiteauditor.com/audit-tool.js]
[creativewebsitemarketing.com/wp-content/uploads/woman-working.png]
[creativewebsitemarketing.com/wp-content/uploads/computer-monitor.png]
[creativewebsitemarketing.com/wp-content/uploads/document-blue.png]
[creativewebsitemarketing.com/wp-content/uploads/blue-calendar.png]
[creativewebsitemarketing.com/wp-content/uploads/pencil-blue.png]
[creativewebsitemarketing.com/wp-content/uploads/mobile-green.png]
[creativewebsitemarketing.com/search-engine-optimization/index.html]
[creativewebsitemarketing.com/how-seo-helps-your-business/index.html]
[creativewebsitemarketing.com/complete-guide-to-ppc-marketing/index.html]
[creativewebsitemarketing.com/wp-json/wp/v2/pages/1459.json]
[creativewebsitemarketing.com/wp-json/oembed/1.0/embedac67.json]
[creativewebsitemarketing.com/wp-json/oembed/1.0/embed2608]
[creativewebsitemarketing.com/case-studies/index.html]
[creativewebsitemarketing.com/wp-content/uploads/woman-on-computer.png]
[creativewebsitemarketing.com/wp-json/wp/v2/pages/2866.json]
[creativewebsitemarketing.com/transportation-industry-ppc-case-study/index.html]
[creativewebsitemarketing.com/higher-education-ppc-case-study/index.html]
[creativewebsitemarketing.com/construction-industry-ppc-case-study/index.html]
[creativewebsitemarketing.com/wp-json/oembed/1.0/embed1232.json]
[creativewebsitemarketing.com/senior-living-ppc-case-study/index.html]
[creativewebsitemarketing.com/wp-json/oembed/1.0/embedfa8f]
[creativewebsitemarketing.com/wp-content/uploads/woman-on-computer-headphones.png]
[creativewebsitemarketing.com/wp-content/uploads/creative-website-marketing-team-member.jpg]
[creativewebsitemarketing.com/wp-content/uploads/creative-website-marketing-team.jpg]
[creativewebsitemarketing.com/wp-content/uploads/man-with-paper.png]
[creativewebsitemarketing.com/wp-content/uploads/creative-website-marketing-team-1.jpg]
[creativewebsitemarketing.com/wp-content/uploads/leaf-icon.png]
[creativewebsitemarketing.com/wp-content/uploads/cloud-icon.png]
[creativewebsitemarketing.com/wp-content/uploads/ladder-icon.png]
[creativewebsitemarketing.com/wp-content/uploads/pen-icon.png]
[creativewebsitemarketing.com/wp-content/uploads/ruler-icon.png]
[creativewebsitemarketing.com/digital-marketing-agency-nashville/index.html]
[creativewebsitemarketing.com/wp-content/uploads/gear-icon.png]
[creativewebsitemarketing.com/wp-json/wp/v2/pages/1031.json]
[creativewebsitemarketing.com/wp-json/oembed/1.0/embed0922.json]
[creativewebsitemarketing.com/wp-json/oembed/1.0/embed8ad7]
[creativewebsitemarketing.com/wp-content/uploads/how-to-add-keywords-google-ads-300x169.png]
[creativewebsitemarketing.com/wp-content/uploads/write-seo-content-300x169.png]
[creativewebsitemarketing.com/wp-content/uploads/seo-vs-ppc-1-300x169.png]
[creativewebsitemarketing.com/wp-content/uploads/how-to-write-google-ads-1-300x169.png]
[creativewebsitemarketing.com/wp-content/uploads/google-ads-worth-it-1-300x169.png]
[creativewebsitemarketing.com/how-to-write-google-ads/index.html]
[creativewebsitemarketing.com/wp-content/uploads/google-marketing-live-2021-300x169.png]
[creativewebsitemarketing.com/is-google-ads-worth-it/index.html]
[creativewebsitemarketing.com/wp-content/uploads/a-b-testing-google-ads-300x169.png]
[creativewebsitemarketing.com/google-marketing-livestream-2021/index.html]
[creativewebsitemarketing.com/wp-content/uploads/how-to-choose-digital-marketing-agency-300x169.png]
[creativewebsitemarketing.com/how-to-a-b-test-in-google-ads/index.html]
[creativewebsitemarketing.com/wp-content/uploads/what-ppc-management-companies-do-300x169.png]
[creativewebsitemarketing.com/how-to-choose-digital-marketing-agency/index.html]
[creativewebsitemarketing.com/wp-content/uploads/local-services-ads-google-3-300x169.png]
[creativewebsitemarketing.com/what-do-ppc-management-companies-do/index.html]
[creativewebsitemarketing.com/wp-content/uploads/google-phasing-out-text-ads-300x169.png]
[creativewebsitemarketing.com/local-services-ads-google/index.html]
[creativewebsitemarketing.com/wp-content/uploads/custom-audiences-google-ads-300x169.png]
[creativewebsitemarketing.com/are-responsive-search-ads-replacing-text-ads-in-google/index.html]
[creativewebsitemarketing.com/wp-content/uploads/location-insertion-google-ads-300x169.png]
[creativewebsitemarketing.com/custom-audiences-google-ads/index.html]
[creativewebsitemarketing.com/location-insertion-responsive-search-ads/index.html]
[creativewebsitemarketing.com/wp-content/uploads/auto-generated-video-ads-300x169.png]
[creativewebsitemarketing.com/wp-content/uploads/sem-seo-leads-300x169.png]
[creativewebsitemarketing.com/auto-generated-video-ads-google/index.html]
[creativewebsitemarketing.com/get-more-leads-with-sem-seo/index.html]
[creativewebsitemarketing.com/wp-content/uploads/Work-From-Home-Tips-Digital-Marketers-300x157.png]
[creativewebsitemarketing.com/wp-content/uploads/Coronavirus-PPC-Strategy-300x157.png]
[creativewebsitemarketing.com/work-from-home-tips-for-digital-marketers-during-covid-19/index.html]
[creativewebsitemarketing.com/wp-content/uploads/image-extensions-google-ads-1-300x169.png]
[creativewebsitemarketing.com/wp-content/uploads/PPC-Advertising-Management-300x157.png]
[creativewebsitemarketing.com/coronavirus-ppc-strategy/index.html]
[creativewebsitemarketing.com/new-image-extensions-google-ads/index.html]
[creativewebsitemarketing.com/wp-content/uploads/How-to-Create-Responsive-Display-Ads-300x157.png]
[creativewebsitemarketing.com/reasons-to-hire-an-agency-for-ppc-advertising-management/index.html]
[creativewebsitemarketing.com/wp-content/uploads/How-SEO-Helps-Your-Business-FI-v1-300x157.png]
[creativewebsitemarketing.com/wp-content/uploads/Google-Desktop-SERP-Layout-Changes-300x157.png]
[creativewebsitemarketing.com/wp-content/uploads/2020-Digital-Marketing-Trends-300x157.png]
[creativewebsitemarketing.com/how-to-create-responsive-display-ads/index.html]
[creativewebsitemarketing.com/wp-content/uploads/Digital-Marketing-Updates-2019-1-300x157.png]
[creativewebsitemarketing.com/wp-content/uploads/cro-strategy-tactics-300x157.png]
[creativewebsitemarketing.com/wp-content/uploads/What-Are-Gallery-Ads-in-Google-300x157.png]
[creativewebsitemarketing.com/wp-content/uploads/SERP-Blog-300x157.png]
[creativewebsitemarketing.com/wp-content/uploads/1-8-300x157.png]
[creativewebsitemarketing.com/googles-desktop-serp-showing-favicons-layout-changes/index.html]
[creativewebsitemarketing.com/wp-content/uploads/FB-Ads-Manager-Changes-300x157.png]
[creativewebsitemarketing.com/wp-content/uploads/1-7-300x157.png]
[creativewebsitemarketing.com/2020-digital-marketing-trends-5-shifts-to-prepare-for/index.html]
[creativewebsitemarketing.com/wp-content/uploads/3-10-300x157.png]
[creativewebsitemarketing.com/wp-content/uploads/Blog-FI-Reduce-Wasted-Spend-1-300x157.png]
[creativewebsitemarketing.com/digital-marketing-updates-2019/index.html]
[creativewebsitemarketing.com/wp-content/uploads/New-mobile-SERP-blog-FI-300x157.png]
[creativewebsitemarketing.com/wp-content/uploads/Digital-Marketing-Updates-FI-3-300x157.png]
[creativewebsitemarketing.com/how-to-create-a-cro-strategy-5-actionable-tactics/index.html]
[creativewebsitemarketing.com/wp-content/uploads/FI-Microsoft-Advertising-Blog-300x157.png]
[creativewebsitemarketing.com/what-are-googles-new-gallery-ads/index.html]
[creativewebsitemarketing.com/how-the-search-engine-results-page-serp-is-changing/index.html]
[creativewebsitemarketing.com/wp-content/uploads/FI-Google-Marketing-Live-Blog-1-300x157.png]
[creativewebsitemarketing.com/wp-content/uploads/Benefits-of-Digital-Agency-300x157.png]
[creativewebsitemarketing.com/facebook-makes-changes-to-ads-manager-business-manager/index.html]
[creativewebsitemarketing.com/wp-content/uploads/1-3-300x157.png]
[creativewebsitemarketing.com/wp-content/uploads/Ad-Extension_Responsive-Search-Ads-Blog-Images-300x157.png]
[creativewebsitemarketing.com/wp-content/uploads/landing-page-that-converts-300x157.png]
[creativewebsitemarketing.com/how-to-increase-your-google-ads-clickthrough-rate-ctr/index.html]
[creativewebsitemarketing.com/wp-content/uploads/1-2-300x157.png]
[creativewebsitemarketing.com/wp-content/uploads/3-6-300x157.png]
[creativewebsitemarketing.com/wp-content/uploads/Ad-Extension-Blog-FI-300x157.png]
[creativewebsitemarketing.com/wp-content/uploads/Samantha-Website-Photo-Reduced-Size-300x200.jpg]
[creativewebsitemarketing.com/wp-content/uploads/4-2-300x157.png]
[creativewebsitemarketing.com/5-ways-to-maximize-budget-in-google-ads/index.html]
[creativewebsitemarketing.com/wp-content/uploads/Reddit-Blog-FI-5-300x157.png]
[creativewebsitemarketing.com/wp-content/uploads/NEW-Featured-Images-1-300x157.png]
[creativewebsitemarketing.com/wp-content/uploads/Featured-Image-3-300x157.png]
[creativewebsitemarketing.com/google-implements-changes-to-mobile-search-results-page/index.html]
[creativewebsitemarketing.com/wp-content/uploads/2-1-300x157.png]
[creativewebsitemarketing.com/bing-ads-becomes-microsoft-advertising-signaling-a-new-direction/index.html]
[creativewebsitemarketing.com/wp-content/uploads/3-1-300x157.png]
[creativewebsitemarketing.com/google-marketing-live-2019-ads-innovation-keynote-recap-highlights-insights/index.html]
[creativewebsitemarketing.com/5-benefits-of-hiring-a-digital-marketing-agency/index.html]
[creativewebsitemarketing.com/what-are-custom-intent-audiences-in-google-ads/index.html]
[creativewebsitemarketing.com/wp-content/uploads/how-to-structure-google-ads-campaigns-300x169.png]
[creativewebsitemarketing.com/what-are-responsive-search-ads/index.html]
[creativewebsitemarketing.com/landing-pages-that-convert/index.html]
[creativewebsitemarketing.com/wp-content/uploads/5-1-300x157.png]
[creativewebsitemarketing.com/final-four-logos-through-the-years-our-favorite-designs/index.html]
[creativewebsitemarketing.com/what-is-instagram-checkout-what-does-it-mean-for-digital-marketers/index.html]
[creativewebsitemarketing.com/wp-content/uploads/Brand-Authenticity-300x157.png]
[creativewebsitemarketing.com/wp-content/uploads/7-300x157.png]
[creativewebsitemarketing.com/5-google-ad-extensions-to-enhance-ppc-strategy/index.html]
[creativewebsitemarketing.com/wp-content/uploads/8-300x157.png]
[creativewebsitemarketing.com/wp-content/uploads/pexels-photo-541522-300x200.jpg]
[creativewebsitemarketing.com/welcome-to-the-team-samantha/index.html]
[creativewebsitemarketing.com/wp-content/uploads/Digital-Marketing-Stats-Image-300x158.jpg]
[creativewebsitemarketing.com/should-your-business-be-advertising-on-linkedin/index.html]
[creativewebsitemarketing.com/wp-content/uploads/on-page-seo-300x169.png]
[creativewebsitemarketing.com/reddit-branches-into-cpc-ads-creating-another-advertising-platform-for-digital-marketers/index.html]
[creativewebsitemarketing.com/wp-content/uploads/9-300x157.png]
[creativewebsitemarketing.com/roi-driven-metrics-for-ppc-advertising/index.html]
[creativewebsitemarketing.com/wp-content/uploads/QA-Blog-Header-Image-300x211.jpg]
[creativewebsitemarketing.com/wp-content/uploads/10-300x157.png]
[creativewebsitemarketing.com/how-to-reach-b2b-audiences-through-search/index.html]
[creativewebsitemarketing.com/wp-content/uploads/Mobile-SEO-Part-2-Image-300x160.jpg]
[creativewebsitemarketing.com/the-rise-of-voice-search/index.html]
[creativewebsitemarketing.com/wp-content/uploads/Mobile-SEO-Part-1-Image-300x200.jpg]
[creativewebsitemarketing.com/an-introduction-to-google-analytics-intelligence/index.html]
[creativewebsitemarketing.com/wp-content/uploads/Content-Marketing-Blog-Post-Image-300x200.jpg]
[creativewebsitemarketing.com/google-ads-campaign-structure/index.html]
[creativewebsitemarketing.com/wp-content/uploads/Google-Adwords-Paid-Search-Creative-Website-Marketing-1-300x201.png]
[creativewebsitemarketing.com/wp-content/uploads/Google-My-Business-GMB-Creative-Website-Marketing-300x171.png]
[creativewebsitemarketing.com/wp-content/uploads/cwm-slider-1-1-300x200.jpg]
[creativewebsitemarketing.com/3-essential-aspects-of-seo-strategy/index.html]
[creativewebsitemarketing.com/authenticity-is-in-demand/index.html]
[creativewebsitemarketing.com/wp-content/themes/flatsome/assets/libs/packery.pkgd.min64e1.js]
[creativewebsitemarketing.com/blog/index.html]
[creativewebsitemarketing.com/the-value-of-interactive-content/index.html]
[creativewebsitemarketing.com/beyond-blog-posts-delivering-content-through-new-formats/index.html]
[creativewebsitemarketing.com/googles-mobile-first-index-right-around-corner-website/index.html]
[creativewebsitemarketing.com/house-marketing-efforts-working-answer-5-questions-find/index.html]
[creativewebsitemarketing.com/wp-json/wp/v2/pages/5152.json]
[creativewebsitemarketing.com/digital-marketing-important-business-stats-will-help-determine-missing-online-marketing-opportunities/index.html]
[creativewebsitemarketing.com/how-to-get-google-my-business-reviews-fast-supercharge-your-5-star-reviews/index.html]
[creativewebsitemarketing.com/wp-json/oembed/1.0/embed2fee.json]
[creativewebsitemarketing.com/is-your-local-business-taking-advantage-of-the-new-digital-tools-google-is-providing/index.html]
[creativewebsitemarketing.com/how-does-b2b-vs-b2c-marketing-compare-3-key-differences-for-small-businesses/index.html]
[creativewebsitemarketing.com/mobile-seo-part-2-are-you-ready-for-googles-mobile-first-index/index.html]
[creativewebsitemarketing.com/defined-strategy-behind-content-marketing-efforts-not-start-5-components-build-foundation/index.html]
[creativewebsitemarketing.com/wp-json/oembed/1.0/embedb1ff]
[creativewebsitemarketing.com/mobile-seo-part-1-meet-customer-needs-mobile-user-experience/index.html]
[creativewebsitemarketing.com/google-adwords-paid-search-campaign-no-leads-3-ways-recharge-paid-strategy/index.html]
[creativewebsitemarketing.com/business-optimized-google-business-listing-bing-places-business/index.html]
[creativewebsitemarketing.com/request-proposal/index.html]
[creativewebsitemarketing.com/wp-content/uploads/video-call-flipped.png]
[creativewebsitemarketing.com/evolution-creative-website-marketing-1999-2017/index.html]
[creativewebsitemarketing.com/wp-json/wp/v2/pages/5675.json]
[creativewebsitemarketing.com/wp-json/oembed/1.0/embeddb7f.json]
[creativewebsitemarketing.com/wp-json/oembed/1.0/embedf9bb]
[creativewebsitemarketing.com/free-seo-audit-tool/index.html]
[creativewebsitemarketing.com/wp-json/wp/v2/pages/4879.json]
[creativewebsitemarketing.com/wp-json/oembed/1.0/embed35bc.json]
[creativewebsitemarketing.com/wp-json/oembed/1.0/embede262]
[creativewebsitemarketing.com/wp-content/uploads/growth-chart.png]
[creativewebsitemarketing.com/wp-content/uploads/Organic-Sessions-Increase.png]
[creativewebsitemarketing.com/wp-content/uploads/Organic-Engagement-YTD-YOY.png]
[creativewebsitemarketing.com/storage-industry-seo-ppc-case-study/index.html]
[creativewebsitemarketing.com/wp-content/uploads/Organic-Users-Increase.png]
[creativewebsitemarketing.com/wp-json/wp/v2/pages/5274.json]
[creativewebsitemarketing.com/wp-json/oembed/1.0/embedf94e.json]
[creativewebsitemarketing.com/wp-json/oembed/1.0/embed324a]
[creativewebsitemarketing.com/insurance-industry-seo-ppc-case-study/index.html]
[creativewebsitemarketing.com/wp-content/uploads/organic-sessions-ytd.png]
[creativewebsitemarketing.com/wp-json/wp/v2/pages/5315.json]
[creativewebsitemarketing.com/wp-json/oembed/1.0/embedf417.json]
[creativewebsitemarketing.com/wp-json/oembed/1.0/embeddb8f]
[creativewebsitemarketing.com/energy-industry-ppc-seo-case-study/index.html]
[creativewebsitemarketing.com/wp-content/plugins/simple-social-icons/symbol-defs.svg]
[creativewebsitemarketing.com/wp-content/uploads/website-traffic.png]
[creativewebsitemarketing.com/wp-json/wp/v2/posts/6352.json]
[creativewebsitemarketing.com/how-to-add-keywords-in-google-ads/feed/index.html]
[creativewebsitemarketing.com/wp-json/oembed/1.0/embed08f4.json]
[creativewebsitemarketing.com/wp-json/oembed/1.0/embeda711]
[creativewebsitemarketing.com/wp-content/uploads/how-to-add-keywords-google-ads-1024x576.png]
[creativewebsitemarketing.com/wp-content/uploads/google-ads-campaign-dashboard.svg]
[creativewebsitemarketing.com/category/blog/index.html]
[creativewebsitemarketing.com/wp-content/uploads/campaigns-tab-google-ads.png]
[creativewebsitemarketing.com/author/sam-hill-17/index.html]
[creativewebsitemarketing.com/wp-content/uploads/ad-groups-google-ads.png]
[creativewebsitemarketing.com/wp-content/uploads/keywords-tab-google-ads.png]
[creativewebsitemarketing.com/wp-content/uploads/search-keyword-page-1024x441.png]
[creativewebsitemarketing.com/wp-content/uploads/keyword-ideas-example-1024x442.png]
[creativewebsitemarketing.com/wp-content/uploads/keyword-match-types-google.png]
[creativewebsitemarketing.com/wp-content/uploads/keyword-match-type-examples.png]
[creativewebsitemarketing.com/wp-content/uploads/how-to-add-keywords-in-google-ads.png]
[js.hsforms.net/forms/shell.js]
[creativewebsitemarketing.com/cdn-cgi/l/email-protection.html]
[creativewebsitemarketing.com/cdn-cgi/scripts/5c5dd728/cloudflare-static/email-decode.min.js]
[creativewebsitemarketing.com/wp-includes/js/comment-reply.min41a3.js]
[creativewebsitemarketing.com/wp-content/plugins/akismet/_inc/formfd2e.js]
[creativewebsitemarketing.com/how-to-add-keywords-in-google-ads/index.html]
[creativewebsitemarketing.com/wp-json/wp/v2/posts/6298.json]
[creativewebsitemarketing.com/how-to-write-seo-content/feed/index.html]
[creativewebsitemarketing.com/wp-json/oembed/1.0/embed22e1.json]
[creativewebsitemarketing.com/wp-json/oembed/1.0/embed15ff]
[creativewebsitemarketing.com/wp-content/uploads/write-seo-content-1024x576.png]
[creativewebsitemarketing.com/wp-content/uploads/seo-content.gif]
[creativewebsitemarketing.com/wp-content/uploads/writing-seo-content.gif]
[creativewebsitemarketing.com/wp-content/uploads/search-query-statistic.gif]
[creativewebsitemarketing.com/wp-content/uploads/visual-content.gif]
[creativewebsitemarketing.com/how-to-write-seo-content/index.html]
[creativewebsitemarketing.com/wp-content/uploads/online-shopping-statistic.gif]
[creativewebsitemarketing.com/wp-json/wp/v2/posts/6273.json]
[creativewebsitemarketing.com/seo-vs-ppc-how-to-know-which-is-best/feed/index.html]
[creativewebsitemarketing.com/wp-json/oembed/1.0/embed05dd.json]
[creativewebsitemarketing.com/wp-json/oembed/1.0/embed685e]
[creativewebsitemarketing.com/wp-content/uploads/seo-vs-ppc-1-1024x576.png]
[creativewebsitemarketing.com/author/debbiehill/index.html]
[creativewebsitemarketing.com/wp-content/uploads/SEO-or-PPC.gif]
[creativewebsitemarketing.com/wp-content/uploads/new-search-queries.gif]
[creativewebsitemarketing.com/wp-content/uploads/ppc-users-intent.gif]
[creativewebsitemarketing.com/seo-vs-ppc-how-to-know-which-is-best/index.html]
[creativewebsitemarketing.com/wp-content/uploads/search-ppc-ads-popular.gif]
[creativewebsitemarketing.com/wp-json/wp/v2/pages/4529.json]
[creativewebsitemarketing.com/wp-json/oembed/1.0/embed220d.json]
[creativewebsitemarketing.com/wp-json/oembed/1.0/embed743b]
[creativewebsitemarketing.com/terms-of-use/index.html]
[creativewebsitemarketing.com/wp-includes/blocks/heading/style.min41a3.css]
[creativewebsitemarketing.com/wp-includes/blocks/paragraph/style.min41a3.css]
[creativewebsitemarketing.com/wp-json/wp/v2/pages/4476.json]
[creativewebsitemarketing.com/wp-json/oembed/1.0/embed2033.json]
[creativewebsitemarketing.com/wp-json/oembed/1.0/embed9021]
[creativewebsitemarketing.com/privacy-policy/index.html]
[creativewebsitemarketing.com/wp-content/plugins/business-reviews-bundle/assets/css/brb-main4b1d.css]
[creativewebsitemarketing.com/index7553.html]
[creativewebsitemarketing.com/wp-json/wp/v2/pages/5304.json]
[creativewebsitemarketing.com/wp-json/oembed/1.0/embed0d3f.json]
[creativewebsitemarketing.com/wp-json/oembed/1.0/embed9864]
[creativewebsitemarketing.com/software-industry-ppc-case-study/index.html]
[creativewebsitemarketing.com/wp-json/wp/v2/pages/5287.json]
[creativewebsitemarketing.com/wp-json/oembed/1.0/embedc86d.json]
[creativewebsitemarketing.com/wp-json/oembed/1.0/embedbb17]
[creativewebsitemarketing.com/automotive-industry-ppc-case-study/index.html]
[creativewebsitemarketing.com/index8a20.html]
[creativewebsitemarketing.com/wp-json/wp/v2/posts/3680.json]
[creativewebsitemarketing.com/how-seo-helps-your-business/feed/index.html]
[creativewebsitemarketing.com/wp-json/oembed/1.0/embed0836.json]
[creativewebsitemarketing.com/wp-json/oembed/1.0/embeda803]
[creativewebsitemarketing.com/wp-content/uploads/How-SEO-Helps-Your-Business-FI-v1-1024x536.png]
[creativewebsitemarketing.com/wp-content/uploads/How-SEO-Helps-Your-Business-Video230a.m4v]
[creativewebsitemarketing.com/wp-content/uploads/How-SEO-Helps-Your-Business-Video.m4v]
[creativewebsitemarketing.com/wp-content/uploads/Depth-of-Content-Example.png]
[creativewebsitemarketing.com/wp-content/uploads/Blog-Content-Statistic.png]
[creativewebsitemarketing.com/wp-content/uploads/Mobile-UX-Statistic.png]
[creativewebsitemarketing.com/wp-content/uploads/Site-Speed-Statistic-.gif]
[creativewebsitemarketing.com/wp-content/uploads/SEO-and-Your-Audience.png]
[creativewebsitemarketing.com/wp-content/uploads/Voice-Search-Statistic.gif]
[creativewebsitemarketing.com/wp-includes/js/mediaelement/mediaelementplayer-legacy.min08e1.css]
[creativewebsitemarketing.com/wp-includes/js/mediaelement/wp-mediaelement.min41a3.css]
[creativewebsitemarketing.com/wp-includes/js/mediaelement/mediaelement-and-player.min08e1.js]
[creativewebsitemarketing.com/wp-includes/js/mediaelement/mediaelement-migrate.min41a3.js]
[creativewebsitemarketing.com/wp-includes/js/mediaelement/wp-mediaelement.min41a3.js]
[creativewebsitemarketing.com/wp-includes/js/mediaelement/renderers/vimeo.min08e1.js]
[creativewebsitemarketing.com/how-seo-helps-your-business/index.html]
[creativewebsitemarketing.com/wp-json/wp/v2/posts/2714.json]
[creativewebsitemarketing.com/complete-guide-to-ppc-marketing/feed/index.html]
[creativewebsitemarketing.com/wp-json/oembed/1.0/embed749f.json]
[creativewebsitemarketing.com/wp-json/oembed/1.0/embed5b57]
[creativewebsitemarketing.com/wp-content/uploads/1-8-1024x536.png]
[creativewebsitemarketing.com/wp-content/uploads/1-11.png]
[creativewebsitemarketing.com/wp-content/uploads/2-9.png]
[creativewebsitemarketing.com/wp-content/uploads/4-9.png]
[creativewebsitemarketing.com/wp-content/uploads/3-12.png]
[creativewebsitemarketing.com/wp-content/uploads/5-6.png]
[creativewebsitemarketing.com/wp-content/uploads/7-2.png]
[creativewebsitemarketing.com/wp-content/uploads/6-3.png]
[creativewebsitemarketing.com/wp-content/uploads/8-2.png]
[creativewebsitemarketing.com/wp-content/uploads/9-2.png]
[creativewebsitemarketing.com/wp-content/uploads/5-5.png]
[creativewebsitemarketing.com/wp-content/uploads/PPC-Statistics-Infographic-410x1024.png]
[creativewebsitemarketing.com/wp-content/uploads/PPC-Cheat-Sheet-2-410x1024.png]
[creativewebsitemarketing.com/wp-content/uploads/11.png]
[creativewebsitemarketing.com/wp-content/uploads/Google-Ads-Ad-Formats-1024x186.png]
[creativewebsitemarketing.com/wp-content/uploads/9-1.png]
[creativewebsitemarketing.com/wp-content/uploads/3-11.png]
[creativewebsitemarketing.com/wp-content/uploads/4-8.png]
[creativewebsitemarketing.com/wp-content/uploads/Facebook-Ads-Example-1.png]
[creativewebsitemarketing.com/wp-content/uploads/FB-Messenger-2.png]
[creativewebsitemarketing.com/wp-content/uploads/10-1.png]
[creativewebsitemarketing.com/wp-content/uploads/6-2.png]
[creativewebsitemarketing.com/wp-content/uploads/1-10.png]
[creativewebsitemarketing.com/wp-content/uploads/what-makes-a-strong-ppc-account-410x1024.png]
[creativewebsitemarketing.com/wp-content/uploads/1-9-1024x512.png]
[creativewebsitemarketing.com/wp-content/uploads/2-7-1024x512.png]
[creativewebsitemarketing.com/wp-content/uploads/8-1.png]
[creativewebsitemarketing.com/wp-content/uploads/2-8.png]
[creativewebsitemarketing.com/complete-guide-to-ppc-marketing/index.html]
[creativewebsitemarketing.com/index2349.html]
[creativewebsitemarketing.com/wp-content/uploads/7-1.png]
[creativewebsitemarketing.com/wp-json/wp/v2/pages/5264.json]
[creativewebsitemarketing.com/wp-json/oembed/1.0/embed1e23.json]
[creativewebsitemarketing.com/wp-json/oembed/1.0/embed1e62]
[creativewebsitemarketing.com/transportation-industry-ppc-case-study/index.html]
[creativewebsitemarketing.com/wp-json/wp/v2/pages/6139.json]
[creativewebsitemarketing.com/wp-json/oembed/1.0/embed9a22.json]
[creativewebsitemarketing.com/wp-json/oembed/1.0/embedd30a]
[creativewebsitemarketing.com/wp-content/uploads/average-roas-google-ads.gif]
[creativewebsitemarketing.com/higher-education-ppc-case-study/index.html]
[creativewebsitemarketing.com/wp-content/uploads/higher-education-ppc-case-study.gif]
[creativewebsitemarketing.com/wp-json/wp/v2/pages/6157.json]
[creativewebsitemarketing.com/wp-json/oembed/1.0/embed9ae0.json]
[creativewebsitemarketing.com/wp-json/oembed/1.0/embed2f63]
[creativewebsitemarketing.com/construction-industry-ppc-case-study/index.html]
[creativewebsitemarketing.com/wp-content/uploads/ppc-statistic-1.gif]
[creativewebsitemarketing.com/wp-content/uploads/construction-industry-ppc-case-study.gif]
[creativewebsitemarketing.com/wp-json/wp/v2/pages/6217.json]
[creativewebsitemarketing.com/wp-json/oembed/1.0/embed868d.json]
[creativewebsitemarketing.com/wp-json/oembed/1.0/embeda1f4]
[creativewebsitemarketing.com/senior-living-ppc-case-study/index.html]
[creativewebsitemarketing.com/indexaa64.html]
[creativewebsitemarketing.com/index59fe.html]
[creativewebsitemarketing.com/wp-content/uploads/lead-generation-statistic.gif]
[creativewebsitemarketing.com/wp-content/uploads/senior-living-ppc-case-study.gif]
[creativewebsitemarketing.com/wp-json/wp/v2/posts/6231.json]
[creativewebsitemarketing.com/how-to-write-google-ads/feed/index.html]
[creativewebsitemarketing.com/wp-json/oembed/1.0/embed2092.json]
[creativewebsitemarketing.com/wp-json/oembed/1.0/embed1df8]
[creativewebsitemarketing.com/wp-content/uploads/how-to-write-google-ads-1-1024x576.png]
[creativewebsitemarketing.com/wp-content/uploads/how-to-write-google-ads.gif]
[creativewebsitemarketing.com/wp-content/uploads/know-your-audience.gif]
[creativewebsitemarketing.com/wp-content/uploads/responsive-search-ad-statistic.gif]
[creativewebsitemarketing.com/wp-content/uploads/google-ads-ppc-statistic.gif]
[creativewebsitemarketing.com/wp-content/uploads/ad-extension-ctr-statistic.gif]
[creativewebsitemarketing.com/how-to-write-google-ads/index.html]
[creativewebsitemarketing.com/wp-content/uploads/a-b-testing-google-ads.gif]
[creativewebsitemarketing.com/wp-json/wp/v2/posts/6179.json]
[creativewebsitemarketing.com/is-google-ads-worth-it/feed/index.html]
[creativewebsitemarketing.com/wp-json/oembed/1.0/embed5e0b.json]
[creativewebsitemarketing.com/wp-json/oembed/1.0/embed8e33]
[creativewebsitemarketing.com/wp-content/uploads/google-ads-worth-it-1-1024x576.png]
[creativewebsitemarketing.com/wp-content/uploads/why-is-google-ads-worth-it.gif]
[creativewebsitemarketing.com/wp-content/uploads/average-roas-google-ads-1.gif]
[creativewebsitemarketing.com/wp-content/uploads/google-display-network.gif]
[creativewebsitemarketing.com/wp-content/uploads/google-ads-platform-1.gif]
[creativewebsitemarketing.com/is-google-ads-worth-it/index.html]
[creativewebsitemarketing.com/wp-content/uploads/ppc-statistic-3.gif]
[creativewebsitemarketing.com/wp-json/wp/v2/posts/6039.json]
[creativewebsitemarketing.com/google-marketing-livestream-2021/feed/index.html]
[creativewebsitemarketing.com/wp-json/oembed/1.0/embed7709.json]
[creativewebsitemarketing.com/wp-json/oembed/1.0/embed9148]
[creativewebsitemarketing.com/wp-content/uploads/google-marketing-live-2021-1024x576.png]
[creativewebsitemarketing.com/wp-content/uploads/image-extensions-available.gif]
[creativewebsitemarketing.com/wp-content/uploads/google-marketing-livestream-quote-dischler-1024x576.png]
[creativewebsitemarketing.com/wp-content/uploads/future-of-marketing.gif]
[creativewebsitemarketing.com/wp-content/uploads/world-without-cookies-1024x576.png]
[creativewebsitemarketing.com/wp-content/uploads/google-marketing-livestream-quote-srinivasan.gif]
[creativewebsitemarketing.com/wp-content/uploads/google-marketing-livestream-quote-kantak.png]
[creativewebsitemarketing.com/wp-content/uploads/broad-match-smart-bidding.gif]
[creativewebsitemarketing.com/wp-content/uploads/local-business-searches-increase.png]
[creativewebsitemarketing.com/wp-content/uploads/new-google-search-queries.png]
[creativewebsitemarketing.com/wp-content/uploads/consumer-brand-identity.gif]
[creativewebsitemarketing.com/google-marketing-livestream-2021/index.html]
[creativewebsitemarketing.com/wp-content/uploads/google-marketing-livestream-quote-spero.png]
[creativewebsitemarketing.com/wp-json/wp/v2/posts/5970.json]
[creativewebsitemarketing.com/how-to-a-b-test-in-google-ads/feed/index.html]
[creativewebsitemarketing.com/wp-json/oembed/1.0/embed0149.json]
[creativewebsitemarketing.com/wp-json/oembed/1.0/embed6685]
[creativewebsitemarketing.com/wp-content/uploads/a-b-testing-google-ads-1024x576.png]
[creativewebsitemarketing.com/wp-content/uploads/a-b-testing-statistic.gif]
[creativewebsitemarketing.com/wp-content/uploads/how-to-a-b-test-google-ads-experiment.gif]
[creativewebsitemarketing.com/wp-content/uploads/Pencil-1d.png]
[creativewebsitemarketing.com/wp-content/uploads/10-2.png]
[creativewebsitemarketing.com/wp-content/uploads/a-b-test-statistic.gif]
[creativewebsitemarketing.com/wp-content/uploads/Bar-Graph-2d.png]
[creativewebsitemarketing.com/wp-content/uploads/a-b-test-example-data.png]
[creativewebsitemarketing.com/how-to-a-b-test-in-google-ads/index.html]
[creativewebsitemarketing.com/wp-content/uploads/a-b-test-example-charts.png]
[creativewebsitemarketing.com/wp-json/wp/v2/posts/5868.json]
[creativewebsitemarketing.com/how-to-choose-digital-marketing-agency/feed/index.html]
[creativewebsitemarketing.com/wp-json/oembed/1.0/embed704c.json]
[creativewebsitemarketing.com/wp-json/oembed/1.0/embedfa4b]
[creativewebsitemarketing.com/wp-content/uploads/how-to-choose-digital-marketing-agency-1024x576.png]
[creativewebsitemarketing.com/wp-content/uploads/how-to-choose-a-digital-marketing-agency.gif]
[creativewebsitemarketing.com/wp-content/uploads/ppc-statistic-business.gif]
[creativewebsitemarketing.com/wp-content/uploads/communication-statistic.gif]
[creativewebsitemarketing.com/how-to-choose-digital-marketing-agency/index.html]
[creativewebsitemarketing.com/wp-content/uploads/reviews-statistic.gif]
[creativewebsitemarketing.com/wp-json/wp/v2/posts/5722.json]
[creativewebsitemarketing.com/what-do-ppc-management-companies-do/feed/index.html]
[creativewebsitemarketing.com/wp-json/oembed/1.0/embed9a21.json]
[creativewebsitemarketing.com/wp-json/oembed/1.0/embed4488]
[creativewebsitemarketing.com/wp-content/uploads/what-ppc-management-companies-do-1024x576.png]
[creativewebsitemarketing.com/wp-content/uploads/what-ppc-companies-do.gif]
[creativewebsitemarketing.com/wp-content/uploads/ppc-beneficial-for-business.gif]
[creativewebsitemarketing.com/wp-content/uploads/ppc-reporting.gif]
[creativewebsitemarketing.com/wp-content/uploads/ppc-statistic-2-2.gif]
[creativewebsitemarketing.com/what-do-ppc-management-companies-do/index.html]
[creativewebsitemarketing.com/wp-content/uploads/ppc-statistic-driver-of-business.gif]
[creativewebsitemarketing.com/wp-json/wp/v2/posts/5652.json]
[creativewebsitemarketing.com/local-services-ads-google/feed/index.html]
[creativewebsitemarketing.com/wp-json/oembed/1.0/embed6f75.json]
[creativewebsitemarketing.com/wp-json/oembed/1.0/embed3d1d]
[creativewebsitemarketing.com/wp-content/uploads/local-services-ads-google-3-1024x576.png]
[creativewebsitemarketing.com/wp-content/uploads/local-services-ad-lawyer-1024x511.png]
[creativewebsitemarketing.com/wp-content/uploads/local-services-ad-movers-1024x496.png]
[creativewebsitemarketing.com/wp-content/uploads/google-guarantee-badge.gif]
[creativewebsitemarketing.com/local-services-ads-google/index.html]
[creativewebsitemarketing.com/wp-json/wp/v2/posts/5583.json]
[creativewebsitemarketing.com/are-responsive-search-ads-replacing-text-ads-in-google/feed/index.html]
[creativewebsitemarketing.com/wp-content/uploads/benefits-of-local-services-ads.gif]
[creativewebsitemarketing.com/wp-json/oembed/1.0/embedb995.json]
[creativewebsitemarketing.com/wp-json/oembed/1.0/embedf8e0]
[creativewebsitemarketing.com/wp-content/uploads/google-phasing-out-text-ads-1024x576.png]
[creativewebsitemarketing.com/wp-content/uploads/new-ad-popup.png]
[creativewebsitemarketing.com/wp-content/uploads/text-ads-phasing-out-google.png]
[creativewebsitemarketing.com/wp-content/uploads/responsive-search-ad-ctr.gif]
[creativewebsitemarketing.com/are-responsive-search-ads-replacing-text-ads-in-google/index.html]
[creativewebsitemarketing.com/wp-content/uploads/google-testing-responsive-ads.gif]
[creativewebsitemarketing.com/custom-audiences-google-ads/feed/index.html]
[creativewebsitemarketing.com/wp-json/wp/v2/posts/4840.json]
[creativewebsitemarketing.com/wp-json/oembed/1.0/embedcd7c.json]
[creativewebsitemarketing.com/wp-json/oembed/1.0/embed7b43]
[creativewebsitemarketing.com/wp-content/uploads/custom-audiences-google-ads-1024x576.png]
[creativewebsitemarketing.com/wp-content/uploads/custom-audience-google-example-1024x568.png]
[creativewebsitemarketing.com/wp-content/uploads/interests-vs-search-terms-1024x225.png]
[creativewebsitemarketing.com/wp-content/uploads/custom-audience-example-1024x548.png]
[creativewebsitemarketing.com/custom-audiences-google-ads/index.html]
[creativewebsitemarketing.com/wp-content/uploads/custom-audiences.png]
[creativewebsitemarketing.com/wp-content/uploads/Google-Display-Network-Statistic-1.gif]
[creativewebsitemarketing.com/wp-json/wp/v2/posts/4598.json]
[creativewebsitemarketing.com/location-insertion-responsive-search-ads/feed/index.html]
[creativewebsitemarketing.com/wp-json/oembed/1.0/embed2fa4.json]
[creativewebsitemarketing.com/wp-json/oembed/1.0/embed1c9b]
[creativewebsitemarketing.com/wp-content/uploads/location-insertion-google-ads-1024x576.png]
[creativewebsitemarketing.com/wp-content/uploads/location-insertion-responsive-search-ads.gif]
[creativewebsitemarketing.com/wp-content/uploads/example-location-insertions.png]
[creativewebsitemarketing.com/wp-content/uploads/example-location-insertion-2.png]
[creativewebsitemarketing.com/wp-content/uploads/Location-Insertion-Dropdown-Example.png]
[creativewebsitemarketing.com/location-insertion-responsive-search-ads/index.html]
[creativewebsitemarketing.com/wp-content/uploads/personalization-statistic.gif]
[creativewebsitemarketing.com/wp-json/wp/v2/posts/4548.json]
[creativewebsitemarketing.com/auto-generated-video-ads-google/feed/index.html]
[creativewebsitemarketing.com/wp-json/oembed/1.0/embed42e7.json]
[creativewebsitemarketing.com/wp-json/oembed/1.0/embed9381]
[creativewebsitemarketing.com/wp-content/uploads/auto-generated-video-ads-1024x576.png]
[creativewebsitemarketing.com/wp-content/uploads/Auto-Generated-Video-Ad-Example-2230a.mp4]
[creativewebsitemarketing.com/wp-content/uploads/Auto-Generated-Video-Ad-Example-2.mp4]
[creativewebsitemarketing.com/wp-content/uploads/Auto-Generated-Video-Ads-Option.png]
[creativewebsitemarketing.com/wp-content/uploads/Google-Auto-Generated-Video-Ad-Mobilee6f8.mp4]
[creativewebsitemarketing.com/wp-content/uploads/Google-Auto-Generated-Video-Ad-Mobile.mp4]
[creativewebsitemarketing.com/auto-generated-video-ads-google/index.html]
[creativewebsitemarketing.com/wp-json/wp/v2/posts/4506.json]
[creativewebsitemarketing.com/get-more-leads-with-sem-seo/feed/index.html]
[creativewebsitemarketing.com/wp-json/oembed/1.0/embedd972.json]
[creativewebsitemarketing.com/wp-json/oembed/1.0/embedb8d7]
[creativewebsitemarketing.com/wp-content/uploads/sem-seo-leads-1024x576.png]
[creativewebsitemarketing.com/wp-content/uploads/3-Steps-Lead-Generation.gif]
[creativewebsitemarketing.com/get-more-leads-with-sem-seo/index.html]
[creativewebsitemarketing.com/wp-content/uploads/Data-Driven-Lead-Gen.gif]
[creativewebsitemarketing.com/wp-json/wp/v2/posts/4455.json]
[creativewebsitemarketing.com/lead-generation/index.html]
[creativewebsitemarketing.com/wp-json/oembed/1.0/embed45ed.json]
[creativewebsitemarketing.com/work-from-home-tips-for-digital-marketers-during-covid-19/feed/index.html]
[creativewebsitemarketing.com/wp-json/oembed/1.0/embede28a]
[creativewebsitemarketing.com/wp-content/uploads/Work-From-Home-Tips-Digital-Marketers-1024x536.png]
[creativewebsitemarketing.com/wp-content/uploads/Work-From-Home-Tips-Marketers230a.m4v]
[creativewebsitemarketing.com/wp-content/uploads/Work-From-Home-Tips-Marketers.m4v]
[creativewebsitemarketing.com/wp-content/uploads/Less-Time-in-Office.gif]
[creativewebsitemarketing.com/work-from-home-tips-for-digital-marketers-during-covid-19/index.html]
[creativewebsitemarketing.com/wp-json/wp/v2/posts/4428.json]
[creativewebsitemarketing.com/coronavirus-ppc-strategy/feed/index.html]
[creativewebsitemarketing.com/wp-content/uploads/Sitting-Statistic.gif]
[creativewebsitemarketing.com/wp-json/oembed/1.0/embed69d9.json]
[creativewebsitemarketing.com/wp-json/oembed/1.0/embed21d7]
[creativewebsitemarketing.com/wp-content/uploads/Coronavirus-PPC-Strategy-1024x536.png]
[creativewebsitemarketing.com/wp-content/uploads/Online-Storefront.gif]
[creativewebsitemarketing.com/wp-content/uploads/Ideas.gif]
[creativewebsitemarketing.com/coronavirus-ppc-strategy/index.html]
[creativewebsitemarketing.com/wp-content/uploads/PPC-Statistic-2-1.gif]
[creativewebsitemarketing.com/wp-content/uploads/Site-Speed-Statistic-1-1.gif]
[creativewebsitemarketing.com/wp-json/wp/v2/posts/4401.json]
[creativewebsitemarketing.com/new-image-extensions-google-ads/feed/index.html]
[creativewebsitemarketing.com/wp-json/oembed/1.0/embede159.json]
[creativewebsitemarketing.com/wp-json/oembed/1.0/embeddea5]
[creativewebsitemarketing.com/wp-content/uploads/image-extensions-google-ads-1-1024x576.png]
[creativewebsitemarketing.com/wp-content/uploads/image-extension-google-example.png]
[creativewebsitemarketing.com/wp-content/uploads/What-are-image-extensions.gif]
[creativewebsitemarketing.com/wp-content/uploads/google-ads-image-extension-example.png]
[creativewebsitemarketing.com/wp-content/uploads/image-extension-google-ads.png]
[creativewebsitemarketing.com/new-image-extensions-google-ads/index.html]
[creativewebsitemarketing.com/wp-content/uploads/Ad-Extensions-Increase-CTR.gif]
[creativewebsitemarketing.com/wp-json/wp/v2/posts/4323.json]
[creativewebsitemarketing.com/reasons-to-hire-an-agency-for-ppc-advertising-management/feed/index.html]
[creativewebsitemarketing.com/wp-json/oembed/1.0/embed138d.json]
[creativewebsitemarketing.com/wp-json/oembed/1.0/embed496c]
[creativewebsitemarketing.com/wp-content/uploads/PPC-Advertising-Management-1024x536.png]
[creativewebsitemarketing.com/wp-content/uploads/Why-You-Should-Hire-an-Agency-for-PPC-Advertising-Management230a.m4v]
[creativewebsitemarketing.com/wp-content/uploads/Why-You-Should-Hire-an-Agency-for-PPC-Advertising-Management.m4v]
[creativewebsitemarketing.com/wp-content/uploads/PPC-Statistic-2.gif]
[creativewebsitemarketing.com/wp-content/uploads/Why-use-PPC.gif]
[creativewebsitemarketing.com/reasons-to-hire-an-agency-for-ppc-advertising-management/index.html]
[creativewebsitemarketing.com/content-creation/index.html]
[creativewebsitemarketing.com/brand-awareness/index.html]
[creativewebsitemarketing.com/wp-content/uploads/PPC-Statistic.gif]
[creativewebsitemarketing.com/wp-json/wp/v2/posts/3719.json]
[creativewebsitemarketing.com/how-to-create-responsive-display-ads/feed/index.html]
[creativewebsitemarketing.com/wp-json/oembed/1.0/embedc05d.json]
[creativewebsitemarketing.com/wp-json/oembed/1.0/embede16d]
[creativewebsitemarketing.com/wp-content/uploads/Responsive-Display-Ads-Example-1.png]
[creativewebsitemarketing.com/wp-content/uploads/How-to-Create-Responsive-Display-Ads-1024x536.png]
[creativewebsitemarketing.com/wp-content/uploads/Responsive-Display-Ads-Example-2.png]
[creativewebsitemarketing.com/wp-content/uploads/How-Do-Responsive-Display-Ads-Work.gif]
[creativewebsitemarketing.com/wp-content/uploads/Photography-Camera-3.png]
[creativewebsitemarketing.com/wp-content/uploads/21.png]
[creativewebsitemarketing.com/wp-content/uploads/Video-Icon-12.png]
[creativewebsitemarketing.com/wp-content/uploads/Pencils-2.png]
[creativewebsitemarketing.com/wp-content/uploads/Google-Display-Network-Statistic.gif]
[creativewebsitemarketing.com/wp-content/uploads/36.png]
[creativewebsitemarketing.com/wp-content/uploads/Pen-5.png]
[creativewebsitemarketing.com/wp-content/uploads/Paint-Palette-1.png]
[creativewebsitemarketing.com/wp-content/uploads/Responsive-Display-Ad-Example-Custom-Colors.png]
[creativewebsitemarketing.com/how-to-create-responsive-display-ads/index.html]
[creativewebsitemarketing.com/wp-content/uploads/Responsive-Display-Ad-Example-Call-to-Action.png]
[creativewebsitemarketing.com/wp-content/uploads/Elements-of-Responsive-Display-Ads.gif]
[creativewebsitemarketing.com/wp-json/wp/v2/posts/3524.json]
[creativewebsitemarketing.com/googles-desktop-serp-showing-favicons-layout-changes/feed/index.html]
[creativewebsitemarketing.com/wp-json/oembed/1.0/embed261e.json]
[creativewebsitemarketing.com/wp-json/oembed/1.0/embedbce7]
[creativewebsitemarketing.com/wp-content/uploads/Google-Desktop-SERP-Layout-Changes-1024x536.png]
[creativewebsitemarketing.com/wp-content/uploads/Previous-Google-Desktop-SERP-Ads.png]
[creativewebsitemarketing.com/wp-content/uploads/New-Google-Desktop-SERP-Ads.png]
[creativewebsitemarketing.com/wp-content/uploads/Organic-Listing-Favicons-Example.png]
[creativewebsitemarketing.com/googles-desktop-serp-showing-favicons-layout-changes/index.html]
[creativewebsitemarketing.com/wp-content/uploads/Google-SERP-Features-Infographic.png]
[creativewebsitemarketing.com/wp-json/wp/v2/posts/3445.json]
[creativewebsitemarketing.com/2020-digital-marketing-trends-5-shifts-to-prepare-for/feed/index.html]
[creativewebsitemarketing.com/wp-json/oembed/1.0/embed3fec.json]
[creativewebsitemarketing.com/wp-json/oembed/1.0/embed077e]
[creativewebsitemarketing.com/wp-content/uploads/2020-Digital-Marketing-Trends-1024x536.png]
[creativewebsitemarketing.com/wp-content/uploads/57.png]
[creativewebsitemarketing.com/wp-content/uploads/47.png]
[creativewebsitemarketing.com/wp-content/uploads/23-150x150.png]
[creativewebsitemarketing.com/wp-content/uploads/46-copy.png]
[creativewebsitemarketing.com/wp-content/uploads/Why-is-PPC-Effective-gif.gif]
[creativewebsitemarketing.com/wp-content/uploads/2020-Trends-Chatbots-Gif.gif]
[creativewebsitemarketing.com/wp-content/uploads/64.png]
[creativewebsitemarketing.com/wp-content/uploads/14-copy-5.png]
[creativewebsitemarketing.com/wp-content/uploads/2020-Marketing-Trends-Personalization.png]
[creativewebsitemarketing.com/digital-marketing-strategy/index.html]
[creativewebsitemarketing.com/wp-content/uploads/93.png]
[creativewebsitemarketing.com/wp-content/uploads/Marketing-Funnel-Gif.gif]
[creativewebsitemarketing.com/wp-content/uploads/2020-Digital-Marketing-Trends-Video.png]
[creativewebsitemarketing.com/wp-content/uploads/86.png]
[creativewebsitemarketing.com/wp-content/uploads/92.png]
[creativewebsitemarketing.com/wp-content/uploads/2020-Digital-Marketing-Trends-Instagram-Users-Age.png]
[creativewebsitemarketing.com/wp-content/uploads/99.png]
[creativewebsitemarketing.com/2020-digital-marketing-trends-5-shifts-to-prepare-for/index.html]
[creativewebsitemarketing.com/wp-content/uploads/2020-Marketing-Trends-Pinterest.png]
[creativewebsitemarketing.com/wp-json/wp/v2/posts/3380.json]
[creativewebsitemarketing.com/digital-marketing-updates-2019/feed/index.html]
[creativewebsitemarketing.com/wp-json/oembed/1.0/embed98ca.json]
[creativewebsitemarketing.com/wp-json/oembed/1.0/embed675b]
[creativewebsitemarketing.com/wp-content/uploads/Digital-Marketing-Updates-2019-1-1024x536.png]
[creativewebsitemarketing.com/digital-marketing-updates-2019/index.html]
[creativewebsitemarketing.com/wp-content/uploads/Digital-Marketing-Updates-Infographic.png]
[creativewebsitemarketing.com/wp-json/wp/v2/posts/3350.json]
[creativewebsitemarketing.com/how-to-create-a-cro-strategy-5-actionable-tactics/feed/index.html]
[creativewebsitemarketing.com/wp-json/oembed/1.0/embed9091.json]
[creativewebsitemarketing.com/wp-json/oembed/1.0/embed7166]
[creativewebsitemarketing.com/wp-content/uploads/cro-strategy-tactics-1024x536.png]
[creativewebsitemarketing.com/wp-content/uploads/CRO-Statistic-2.png]
[creativewebsitemarketing.com/wp-content/uploads/CRO-Statistic-4.png]
[creativewebsitemarketing.com/wp-content/uploads/CRO-Statistic-5.png]
[creativewebsitemarketing.com/wp-content/uploads/CRO-Statistic-3.png]
[creativewebsitemarketing.com/how-to-create-a-cro-strategy-5-actionable-tactics/index.html]
[creativewebsitemarketing.com/wp-content/uploads/CRO-Statistic-1.png]
[creativewebsitemarketing.com/conversion-rate-optimization/index.html]
[creativewebsitemarketing.com/wp-json/wp/v2/posts/3139.json]
[creativewebsitemarketing.com/what-are-googles-new-gallery-ads/feed/index.html]
[creativewebsitemarketing.com/wp-json/oembed/1.0/embede0f3.json]
[creativewebsitemarketing.com/wp-json/oembed/1.0/embed3788]
[creativewebsitemarketing.com/what-are-googles-new-gallery-ads/index.html]
[creativewebsitemarketing.com/wp-content/uploads/What-Are-Gallery-Ads-in-Google-1024x536.png]
[creativewebsitemarketing.com/wp-content/uploads/Gallery-Ad-Example.jpg]
[creativewebsitemarketing.com/how-the-search-engine-results-page-serp-is-changing/feed/index.html]
[creativewebsitemarketing.com/wp-json/wp/v2/posts/2810.json]
[creativewebsitemarketing.com/wp-json/oembed/1.0/embedd2c2.json]
[creativewebsitemarketing.com/wp-json/oembed/1.0/embedb4b8]
[creativewebsitemarketing.com/wp-content/uploads/SERP-Blog-1024x536.png]
[creativewebsitemarketing.com/wp-content/uploads/SERP-Features-Ads.png]
[creativewebsitemarketing.com/wp-content/uploads/SERP-Features-Knowledge-Cards.png]
[creativewebsitemarketing.com/wp-content/uploads/SERP-Features-People-Also-Ask.png]
[creativewebsitemarketing.com/wp-content/uploads/SERP-Features-Site-Links.png]
[creativewebsitemarketing.com/wp-content/uploads/SERP-Features-Carousel-Results.png]
[creativewebsitemarketing.com/wp-content/uploads/SERP-Features-Knowledge-Panels.png]
[creativewebsitemarketing.com/wp-content/uploads/SERP-Features-Reviews.png]
[creativewebsitemarketing.com/wp-content/uploads/SERP-Features-Top-Stories.png]
[creativewebsitemarketing.com/wp-content/uploads/SERP-Features-Featured-Snippets.png]
[creativewebsitemarketing.com/wp-content/uploads/SERP-Features-Local-Pack.png]
[creativewebsitemarketing.com/wp-content/uploads/SERP-Features-Scholarly-Articles.png]
[creativewebsitemarketing.com/wp-content/uploads/SERP-Features-Tweets.png]
[creativewebsitemarketing.com/wp-content/uploads/SERP-Features-Image-Pack.png]
[creativewebsitemarketing.com/wp-content/uploads/SERP-Features-Local-Teaser-Pack.png]
[creativewebsitemarketing.com/wp-content/uploads/SERP-Features-Shopping-Results.png]
[creativewebsitemarketing.com/wp-content/uploads/SERP-Features-Videos.png]
[creativewebsitemarketing.com/wp-content/uploads/Screen-Shot-2019-08-12-at-4.32.20-PM.png]
[creativewebsitemarketing.com/wp-content/uploads/Screen-Shot-2019-08-12-at-4.43.37-PM.png]
[creativewebsitemarketing.com/wp-content/uploads/Screen-Shot-2019-08-13-at-9.39.43-AM.png]
[creativewebsitemarketing.com/wp-content/uploads/Screen-Shot-2019-08-12-at-5.01.53-PM.png]
[creativewebsitemarketing.com/wp-content/uploads/Screen-Shot-2019-08-13-at-9.46.07-AM.png]
[creativewebsitemarketing.com/wp-content/uploads/Screen-Shot-2019-08-12-at-5.05.16-PM.png]
[creativewebsitemarketing.com/wp-content/uploads/Screen-Shot-2019-08-13-at-10.07.24-AM.png]
[creativewebsitemarketing.com/wp-content/uploads/Screen-Shot-2019-08-13-at-11.02.37-AM.png]
[creativewebsitemarketing.com/wp-content/uploads/Screen-Shot-2019-08-13-at-11.04.24-AM.png]
[creativewebsitemarketing.com/wp-content/uploads/Screen-Shot-2019-08-13-at-11.55.34-AM.png]
[creativewebsitemarketing.com/wp-content/uploads/Screen-Shot-2019-08-13-at-12.00.03-PM.png]
[creativewebsitemarketing.com/wp-content/uploads/Screen-Shot-2019-08-13-at-11.39.35-AM.png]
[creativewebsitemarketing.com/wp-content/uploads/Screen-Shot-2019-08-13-at-1.23.44-PM.png]
[creativewebsitemarketing.com/wp-content/uploads/Screen-Shot-2019-08-13-at-1.26.13-PM.png]
[creativewebsitemarketing.com/wp-content/uploads/Screen-Shot-2019-08-13-at-1.41.20-PM.png]
[creativewebsitemarketing.com/wp-content/uploads/Screen-Shot-2019-08-13-at-1.49.15-PM.png]
[creativewebsitemarketing.com/how-the-search-engine-results-page-serp-is-changing/index.html]
[creativewebsitemarketing.com/wp-content/uploads/Screen-Shot-2019-08-13-at-1.59.42-PM.png]
[creativewebsitemarketing.com/wp-json/wp/v2/posts/2564.json]
[creativewebsitemarketing.com/content-marketing/index.html]
[creativewebsitemarketing.com/wp-json/oembed/1.0/embed5f7c.json]
[creativewebsitemarketing.com/facebook-makes-changes-to-ads-manager-business-manager/feed/index.html]
[creativewebsitemarketing.com/wp-json/oembed/1.0/embedae35]
[creativewebsitemarketing.com/facebook-makes-changes-to-ads-manager-business-manager/index.html]
[creativewebsitemarketing.com/wp-content/uploads/58267872_368225487119535_9202825956987764736_n.png]
[creativewebsitemarketing.com/wp-content/uploads/FB-Ads-Manager-Changes-1024x536.png]
[creativewebsitemarketing.com/wp-json/wp/v2/posts/1220.json]
[creativewebsitemarketing.com/how-to-increase-your-google-ads-clickthrough-rate-ctr/feed/index.html]
[creativewebsitemarketing.com/wp-json/oembed/1.0/embed1d9d.json]
[creativewebsitemarketing.com/wp-json/oembed/1.0/embeda84e]
[creativewebsitemarketing.com/how-to-increase-your-google-ads-clickthrough-rate-ctr/index.html]
[creativewebsitemarketing.com/2019-digital-marketing-updates-2nd-quarter/index.html]
[creativewebsitemarketing.com/wp-content/uploads/CTR-Blog-Graphic-1.png]
[creativewebsitemarketing.com/wp-content/uploads/1-7-1024x536.png]
[creativewebsitemarketing.com/wp-json/wp/v2/posts/1337.json]
[creativewebsitemarketing.com/5-ways-to-maximize-budget-in-google-ads/feed/index.html]
[creativewebsitemarketing.com/wp-json/oembed/1.0/embed94d8.json]
[creativewebsitemarketing.com/wp-json/oembed/1.0/embed99a3]
[creativewebsitemarketing.com/wp-content/uploads/Blog-FI-Reduce-Wasted-Spend-1-1024x536.png]
[creativewebsitemarketing.com/wp-content/uploads/1-4.png]
[creativewebsitemarketing.com/wp-content/uploads/Screen-Shot-2019-05-06-at-11.59.20-AM.png]
[creativewebsitemarketing.com/wp-content/uploads/Blog-Reduce-Wasted-PPC-Spend-Stats.png]
[creativewebsitemarketing.com/wp-content/uploads/4-5.png]
[creativewebsitemarketing.com/5-ways-to-maximize-budget-in-google-ads/index.html]
[creativewebsitemarketing.com/wp-content/uploads/2-4.png]
[creativewebsitemarketing.com/wp-json/wp/v2/posts/1747.json]
[creativewebsitemarketing.com/google-implements-changes-to-mobile-search-results-page/feed/index.html]
[creativewebsitemarketing.com/wp-json/oembed/1.0/embed30fa.json]
[creativewebsitemarketing.com/wp-json/oembed/1.0/embed8003]
[creativewebsitemarketing.com/wp-content/uploads/New-mobile-SERP-blog-FI-1024x536.png]
[creativewebsitemarketing.com/wp-content/uploads/IMG_6680.png]
[creativewebsitemarketing.com/wp-content/uploads/IMG_6677.png]
[creativewebsitemarketing.com/wp-content/uploads/IMG_6678.png]
[creativewebsitemarketing.com/wp-content/uploads/IMG_6683.png]
[creativewebsitemarketing.com/google-implements-changes-to-mobile-search-results-page/index.html]
[creativewebsitemarketing.com/digital-marketing-updates-january-may-2019/index.html]
[creativewebsitemarketing.com/wp-content/uploads/IMG_6681-577x1024.png]
[creativewebsitemarketing.com/wp-json/wp/v2/posts/1409.json]
[creativewebsitemarketing.com/bing-ads-becomes-microsoft-advertising-signaling-a-new-direction/feed/index.html]
[creativewebsitemarketing.com/wp-json/oembed/1.0/embedd395.json]
[creativewebsitemarketing.com/wp-json/oembed/1.0/embed439a]
[creativewebsitemarketing.com/wp-content/uploads/FI-Microsoft-Advertising-Blog-1024x536.png]
[creativewebsitemarketing.com/wp-content/uploads/micros-adv.png]
[creativewebsitemarketing.com/wp-content/uploads/mobile-marketing-magazine-1024x501.jpg]
[creativewebsitemarketing.com/bing-ads-becomes-microsoft-advertising-signaling-a-new-direction/index.html]
[creativewebsitemarketing.com/wp-content/uploads/pexels-photo-1109543-1024x682.jpg]
[creativewebsitemarketing.com/wp-json/wp/v2/posts/1434.json]
[creativewebsitemarketing.com/google-marketing-live-2019-ads-innovation-keynote-recap-highlights-insights/feed/index.html]
[creativewebsitemarketing.com/wp-json/oembed/1.0/embed47c9.json]
[creativewebsitemarketing.com/wp-json/oembed/1.0/embed17b2]
[creativewebsitemarketing.com/wp-content/uploads/FI-Google-Marketing-Live-Blog-1-1024x536.png]
[creativewebsitemarketing.com/wp-content/uploads/1-5.png]
[creativewebsitemarketing.com/wp-content/uploads/2-5.png]
[creativewebsitemarketing.com/wp-content/uploads/3-8.png]
[creativewebsitemarketing.com/wp-content/uploads/6-1.png]
[creativewebsitemarketing.com/wp-content/uploads/4-6.png]
[creativewebsitemarketing.com/google-marketing-live-2019-ads-innovation-keynote-recap-highlights-insights/index.html]
[creativewebsitemarketing.com/wp-content/uploads/5-3.png]
[creativewebsitemarketing.com/wp-json/wp/v2/posts/1299.json]
[creativewebsitemarketing.com/5-benefits-of-hiring-a-digital-marketing-agency/feed/index.html]
[creativewebsitemarketing.com/wp-json/oembed/1.0/embed62db.json]
[creativewebsitemarketing.com/wp-json/oembed/1.0/embedf58f]
[creativewebsitemarketing.com/wp-content/uploads/Infographic-Digital-Marketing-Agency-Horizontal-1-1024x512.png]
[creativewebsitemarketing.com/wp-content/uploads/Benefits-of-Digital-Agency-1024x536.png]
[creativewebsitemarketing.com/wp-content/uploads/adults-analysis-brainstorming-1661004-1024x561.jpg]
[creativewebsitemarketing.com/5-benefits-of-hiring-a-digital-marketing-agency/index.html]
[creativewebsitemarketing.com/wp-content/uploads/brainstorming-business-plan-close-up-908295-1024x623.jpg]
[creativewebsitemarketing.com/wp-json/wp/v2/posts/1205.json]
[creativewebsitemarketing.com/what-are-custom-intent-audiences-in-google-ads/feed/index.html]
[creativewebsitemarketing.com/wp-json/oembed/1.0/embed8a7f.json]
[creativewebsitemarketing.com/wp-json/oembed/1.0/embedd51c]
[creativewebsitemarketing.com/wp-content/uploads/1-3-1024x536.png]
[creativewebsitemarketing.com/what-are-custom-intent-audiences-in-google-ads/index.html]
[creativewebsitemarketing.com/wp-content/uploads/Screen-Shot-2019-04-03-at-2.56.54-PM.png]
[creativewebsitemarketing.com/wp-json/wp/v2/posts/960.json]
[creativewebsitemarketing.com/what-are-responsive-search-ads/feed/index.html]
[creativewebsitemarketing.com/wp-json/oembed/1.0/embedc6e9.json]
[creativewebsitemarketing.com/wp-json/oembed/1.0/embed743d]
[creativewebsitemarketing.com/wp-content/uploads/Responsive-Search-Ads-3-1024x536.png]
[creativewebsitemarketing.com/wp-content/uploads/Ad-Extension_Responsive-Search-Ads-Blog-Images-1024x536.png]
[creativewebsitemarketing.com/wp-content/uploads/3-3-1024x591.png]
[creativewebsitemarketing.com/wp-content/uploads/3-4-1024x378.png]
[creativewebsitemarketing.com/wp-content/uploads/4-3-1024x381.png]
[creativewebsitemarketing.com/what-are-responsive-search-ads/index.html]
[creativewebsitemarketing.com/wp-content/uploads/5-2-1024x373.png]
[creativewebsitemarketing.com/wp-json/wp/v2/posts/1066.json]
[creativewebsitemarketing.com/landing-pages-that-convert/feed/index.html]
[creativewebsitemarketing.com/wp-json/oembed/1.0/embed2295.json]
[creativewebsitemarketing.com/wp-json/oembed/1.0/embed4754]
[creativewebsitemarketing.com/wp-content/uploads/landing-page-that-converts-1024x536.png]
[creativewebsitemarketing.com/category/content-marketing/index.html]
[creativewebsitemarketing.com/wp-content/uploads/landing-pages-that-convert.gif]
[creativewebsitemarketing.com/wp-content/uploads/3-5-1024x536.png]
[creativewebsitemarketing.com/wp-content/uploads/2-3-1024x536.png]
[creativewebsitemarketing.com/wp-content/uploads/Gladiator.gif]
[creativewebsitemarketing.com/landing-pages-that-convert/index.html]
[creativewebsitemarketing.com/wp-content/uploads/4-4-1024x536.png]
[creativewebsitemarketing.com/wp-content/uploads/Parks-Rec.gif]
[creativewebsitemarketing.com/wp-json/wp/v2/posts/1112.json]
[creativewebsitemarketing.com/final-four-logos-through-the-years-our-favorite-designs/feed/index.html]
[creativewebsitemarketing.com/wp-json/oembed/1.0/embedeb68.json]
[creativewebsitemarketing.com/wp-json/oembed/1.0/embed4281]
[creativewebsitemarketing.com/wp-content/uploads/1-2-1024x536.png]
[creativewebsitemarketing.com/wp-content/uploads/2761__mens_final_four-primary-1982.png]
[creativewebsitemarketing.com/wp-content/uploads/1994WomensFinalFourLogo.jpg]
[creativewebsitemarketing.com/wp-content/uploads/2016_Final_Four_Logo.png]
[creativewebsitemarketing.com/wp-content/uploads/2019-womens-tampa-1024x922.png]
[creativewebsitemarketing.com/final-four-logos-through-the-years-our-favorite-designs/index.html]
[creativewebsitemarketing.com/wp-content/uploads/2008FinalFour.png]
[creativewebsitemarketing.com/wp-json/wp/v2/posts/1087.json]
[creativewebsitemarketing.com/what-is-instagram-checkout-what-does-it-mean-for-digital-marketers/feed/index.html]
[creativewebsitemarketing.com/wp-json/oembed/1.0/embed0df7.json]
[creativewebsitemarketing.com/wp-json/oembed/1.0/embed87af]
[creativewebsitemarketing.com/what-is-instagram-checkout-what-does-it-mean-for-digital-marketers/index.html]
[creativewebsitemarketing.com/wp-content/uploads/3-6-1024x536.png]
[creativewebsitemarketing.com/wp-content/uploads/Instagram-Shopping-Checkout-1024x553.png]
[creativewebsitemarketing.com/wp-json/wp/v2/posts/969.json]
[creativewebsitemarketing.com/5-google-ad-extensions-to-enhance-ppc-strategy/feed/index.html]
[creativewebsitemarketing.com/wp-json/oembed/1.0/embed22b5.json]
[creativewebsitemarketing.com/wp-json/oembed/1.0/embede5d2]
[creativewebsitemarketing.com/wp-content/uploads/Sitelink_no-border-1024x470.png]
[creativewebsitemarketing.com/wp-content/uploads/Ad-Extension-Blog-FI-1024x536.png]
[creativewebsitemarketing.com/wp-content/uploads/Snippet_no-border-1024x317.png]
[creativewebsitemarketing.com/wp-content/uploads/Callout_no-border-1024x370.png]
[creativewebsitemarketing.com/wp-content/uploads/Location-Ext.-Stat-1024x536.png]
[creativewebsitemarketing.com/5-google-ad-extensions-to-enhance-ppc-strategy/index.html]
[creativewebsitemarketing.com/wp-content/uploads/Call-Ext.-Stat-1024x536.png]
[creativewebsitemarketing.com/wp-json/wp/v2/posts/1048.json]
[creativewebsitemarketing.com/welcome-to-the-team-samantha/feed/index.html]
[creativewebsitemarketing.com/wp-json/oembed/1.0/embed7867.json]
[creativewebsitemarketing.com/wp-json/oembed/1.0/embed1f32]
[creativewebsitemarketing.com/welcome-to-the-team-samantha/index.html]
[creativewebsitemarketing.com/wp-content/uploads/Samantha-Website-Photo-Reduced-Size-1024x683.jpg]
[creativewebsitemarketing.com/author/drew0927/index.html]
[creativewebsitemarketing.com/wp-json/wp/v2/posts/944.json]
[creativewebsitemarketing.com/should-your-business-be-advertising-on-linkedin/feed/index.html]
[creativewebsitemarketing.com/wp-json/oembed/1.0/embed5f34.json]
[creativewebsitemarketing.com/wp-json/oembed/1.0/embed07a5]
[creativewebsitemarketing.com/wp-content/uploads/2-2-1024x536.png]
[creativewebsitemarketing.com/wp-content/uploads/4-2-1024x536.png]
[creativewebsitemarketing.com/wp-content/uploads/1-1-1024x536.png]
[creativewebsitemarketing.com/should-your-business-be-advertising-on-linkedin/index.html]
[creativewebsitemarketing.com/wp-content/uploads/3-2-1024x536.png]
[creativewebsitemarketing.com/wp-json/wp/v2/posts/911.json]
[creativewebsitemarketing.com/reddit-branches-into-cpc-ads-creating-another-advertising-platform-for-digital-marketers/feed/index.html]
[creativewebsitemarketing.com/wp-json/oembed/1.0/embed66d3.json]
[creativewebsitemarketing.com/wp-json/oembed/1.0/embed0725]
[creativewebsitemarketing.com/reddit-branches-into-cpc-ads-creating-another-advertising-platform-for-digital-marketers/index.html]
[creativewebsitemarketing.com/wp-content/uploads/Reddit-Blog-FI-5-1024x536.png]
[creativewebsitemarketing.com/wp-json/wp/v2/posts/855.json]
[creativewebsitemarketing.com/roi-driven-metrics-for-ppc-advertising/feed/index.html]
[creativewebsitemarketing.com/wp-json/oembed/1.0/embed827d.json]
[creativewebsitemarketing.com/wp-json/oembed/1.0/embed9178]
[creativewebsitemarketing.com/wp-content/uploads/NEW-Featured-Images-1-1024x536.png]
[creativewebsitemarketing.com/wp-content/uploads/Table-1-1024x315.png]
[creativewebsitemarketing.com/wp-content/uploads/Table-2-1024x369.png]
[creativewebsitemarketing.com/roi-driven-metrics-for-ppc-advertising/index.html]
[creativewebsitemarketing.com/wp-content/uploads/Table-3-1024x334.png]
[creativewebsitemarketing.com/wp-json/wp/v2/posts/761.json]
[creativewebsitemarketing.com/how-to-reach-b2b-audiences-through-search/feed/index.html]
[creativewebsitemarketing.com/wp-json/oembed/1.0/embedc26b.json]
[creativewebsitemarketing.com/wp-json/oembed/1.0/embed711f]
[creativewebsitemarketing.com/how-to-reach-b2b-audiences-through-search/index.html]
[creativewebsitemarketing.com/wp-content/uploads/Featured-Image-3-1024x536.png]
[creativewebsitemarketing.com/wp-json/wp/v2/posts/707.json]
[creativewebsitemarketing.com/the-rise-of-voice-search/feed/index.html]
[creativewebsitemarketing.com/wp-json/oembed/1.0/embed0126.json]
[creativewebsitemarketing.com/wp-json/oembed/1.0/embeda7d3]
[creativewebsitemarketing.com/wp-content/uploads/2-1-1024x536.png]
[creativewebsitemarketing.com/wp-content/uploads/1-in-6.png]
[creativewebsitemarketing.com/wp-content/uploads/Chart.png]
[creativewebsitemarketing.com/the-rise-of-voice-search/index.html]
[creativewebsitemarketing.com/wp-content/uploads/Infographic.png]
[creativewebsitemarketing.com/wp-json/wp/v2/posts/500.json]
[creativewebsitemarketing.com/an-introduction-to-google-analytics-intelligence/feed/index.html]
[creativewebsitemarketing.com/wp-json/oembed/1.0/embed9f49.json]
[creativewebsitemarketing.com/wp-json/oembed/1.0/embed5511]
[creativewebsitemarketing.com/wp-content/uploads/3-1-1024x536.png]
[creativewebsitemarketing.com/wp-content/uploads/Banners-FI-Google-Analytics-Intelligence.png]
[creativewebsitemarketing.com/wp-content/uploads/Banners-FI-Google-Analytics-Intelligence-1.png]
[creativewebsitemarketing.com/wp-content/uploads/Banners-FI-Google-Analytics-Intelligence-2.png]
[creativewebsitemarketing.com/wp-content/uploads/Analytics-Intelligence-img-court.-Google-Analytics-Solutions.png]
[creativewebsitemarketing.com/wp-content/uploads/Banners-FI-Google-Analytics-Intelligence-3.png]
[creativewebsitemarketing.com/wp-content/uploads/Banners-FI-Google-Analytics-Intelligence-4.png]
[creativewebsitemarketing.com/an-introduction-to-google-analytics-intelligence/index.html]
[creativewebsitemarketing.com/wp-json/wp/v2/posts/472.json]
[creativewebsitemarketing.com/google-ads-campaign-structure/feed/index.html]
[creativewebsitemarketing.com/wp-json/oembed/1.0/embedb7f1.json]
[creativewebsitemarketing.com/wp-json/oembed/1.0/embedb785]
[creativewebsitemarketing.com/wp-content/uploads/how-to-structure-google-ads-campaigns-1024x576.png]
[creativewebsitemarketing.com/google-ads-campaign-structure/index.html]
[creativewebsitemarketing.com/wp-json/wp/v2/posts/427.json]
[creativewebsitemarketing.com/3-essential-aspects-of-seo-strategy/feed/index.html]
[creativewebsitemarketing.com/wp-json/oembed/1.0/embedbd8a.json]
[creativewebsitemarketing.com/wp-json/oembed/1.0/embeda31d]
[creativewebsitemarketing.com/wp-content/uploads/5-1-1024x536.png]
[creativewebsitemarketing.com/wp-content/uploads/Tip-1-seo.png]
[creativewebsitemarketing.com/wp-content/uploads/Tip-2-seo.png]
[creativewebsitemarketing.com/wp-content/uploads/Tip-3-seo.png]
[creativewebsitemarketing.com/3-essential-aspects-of-seo-strategy/index.html]
[creativewebsitemarketing.com/wp-content/uploads/CWM-Meta-Tag.png]
[creativewebsitemarketing.com/wp-json/wp/v2/posts/403.json]
[creativewebsitemarketing.com/authenticity-is-in-demand/feed/index.html]
[creativewebsitemarketing.com/wp-json/oembed/1.0/embed4b32.json]
[creativewebsitemarketing.com/wp-json/oembed/1.0/embedc0c6]
[creativewebsitemarketing.com/wp-content/uploads/Brand-Authenticity-1024x536.png]
[creativewebsitemarketing.com/wp-content/uploads/Banner-Transparent.png]
[creativewebsitemarketing.com/wp-content/uploads/Banner-Process.png]
[creativewebsitemarketing.com/wp-content/uploads/Banner-Humor.png]
[creativewebsitemarketing.com/wp-content/uploads/michael-scott-gif.gif]
[creativewebsitemarketing.com/wp-content/uploads/Screen-Shot-2018-04-15-at-7.21.37-PM.png]
[creativewebsitemarketing.com/wp-content/uploads/Screen-Shot-2018-04-15-at-7.42.41-PM.png]
[creativewebsitemarketing.com/authenticity-is-in-demand/index.html]
[creativewebsitemarketing.com/wp-content/uploads/Banner-Unique-Story.png]
[creativewebsitemarketing.com/the-value-of-interactive-content/feed/index.html]
[creativewebsitemarketing.com/wp-json/wp/v2/posts/375.json]
[creativewebsitemarketing.com/wp-json/oembed/1.0/embed85e3.json]
[creativewebsitemarketing.com/wp-json/oembed/1.0/embedcbdf]
[creativewebsitemarketing.com/wp-content/uploads/Banner-for-Content-Marketing-Series.png]
[creativewebsitemarketing.com/wp-content/uploads/Interactive-Content-banner.png]
[creativewebsitemarketing.com/wp-content/uploads/7-1024x536.png]
[creativewebsitemarketing.com/wp-content/uploads/Leave-a-Comment.png]
[creativewebsitemarketing.com/wp-content/uploads/Ron-Gif.gif]
[creativewebsitemarketing.com/the-value-of-interactive-content/index.html]
[creativewebsitemarketing.com/wp-content/uploads/Poll-graphic.png]
[creativewebsitemarketing.com/wp-json/wp/v2/posts/354.json]
[creativewebsitemarketing.com/beyond-blog-posts-delivering-content-through-new-formats/feed/index.html]
[creativewebsitemarketing.com/wp-json/oembed/1.0/embed50ba.json]
[creativewebsitemarketing.com/wp-json/oembed/1.0/embed64d0]
[creativewebsitemarketing.com/wp-content/uploads/8-1024x536.png]
[creativewebsitemarketing.com/wp-content/uploads/Infographics.png]
[creativewebsitemarketing.com/wp-content/uploads/Video.png]
[creativewebsitemarketing.com/beyond-blog-posts-delivering-content-through-new-formats/index.html]
[creativewebsitemarketing.com/wp-content/uploads/Podcasts.png]
[creativewebsitemarketing.com/wp-json/wp/v2/posts/337.json]
[creativewebsitemarketing.com/googles-mobile-first-index-right-around-corner-website/feed/index.html]
[creativewebsitemarketing.com/wp-json/oembed/1.0/embed6bc9.json]
[creativewebsitemarketing.com/wp-json/oembed/1.0/embedcaa6]
[creativewebsitemarketing.com/wp-content/uploads/pexels-photo-541522-1024x683.jpg]
[creativewebsitemarketing.com/wp-content/uploads/hurray-mfi-party.png]
[creativewebsitemarketing.com/googles-mobile-first-index-right-around-corner-website/index.html]
[creativewebsitemarketing.com/wp-content/uploads/Screenshot-2018-03-26-15.01.00-1.png]
[creativewebsitemarketing.com/wp-json/wp/v2/posts/312.json]
[creativewebsitemarketing.com/digital-marketing-important-business-stats-will-help-determine-missing-online-marketing-opportunities/feed/index.html]
[creativewebsitemarketing.com/wp-json/oembed/1.0/embed181a.json]
[creativewebsitemarketing.com/wp-json/oembed/1.0/embed130e]
[creativewebsitemarketing.com/digital-marketing-important-business-stats-will-help-determine-missing-online-marketing-opportunities/index.html]
[creativewebsitemarketing.com/wp-content/uploads/Digital-Marketing-Stats-Image.jpg]
[creativewebsitemarketing.com/wp-json/wp/v2/posts/289.json]
[creativewebsitemarketing.com/house-marketing-efforts-working-answer-5-questions-find/feed/index.html]
[creativewebsitemarketing.com/wp-json/oembed/1.0/embedcf59.json]
[creativewebsitemarketing.com/wp-json/oembed/1.0/embedca17]
[creativewebsitemarketing.com/wp-content/uploads/on-page-seo-1024x576.png]
[creativewebsitemarketing.com/house-marketing-efforts-working-answer-5-questions-find/index.html]
[creativewebsitemarketing.com/wp-content/uploads/14602224496_c3cebc398b_b-1024x791.jpg]
[creativewebsitemarketing.com/wp-json/wp/v2/posts/269.json]
[creativewebsitemarketing.com/how-to-get-google-my-business-reviews-fast-supercharge-your-5-star-reviews/feed/index.html]
[creativewebsitemarketing.com/wp-json/oembed/1.0/embed0baf.json]
[creativewebsitemarketing.com/wp-json/oembed/1.0/embed8c44]
[creativewebsitemarketing.com/wp-content/uploads/9-1024x536.png]
[creativewebsitemarketing.com/how-to-get-google-my-business-reviews-fast-supercharge-your-5-star-reviews/index.html]
[creativewebsitemarketing.com/wp-content/uploads/Screen-shot-2017-09-01-at-3.06.21-PM.png]
[creativewebsitemarketing.com/wp-json/wp/v2/posts/262.json]
[creativewebsitemarketing.com/is-your-local-business-taking-advantage-of-the-new-digital-tools-google-is-providing/feed/index.html]
[creativewebsitemarketing.com/wp-json/oembed/1.0/embed00b6.json]
[creativewebsitemarketing.com/wp-json/oembed/1.0/embedab8b]
[creativewebsitemarketing.com/wp-content/uploads/QA-Blog-Header-Image.jpg]
[creativewebsitemarketing.com/wp-content/uploads/QA-Blog-Image-300x135.jpg]
[creativewebsitemarketing.com/is-your-local-business-taking-advantage-of-the-new-digital-tools-google-is-providing/index.html]
[creativewebsitemarketing.com/wp-json/wp/v2/posts/222.json]
[creativewebsitemarketing.com/how-does-b2b-vs-b2c-marketing-compare-3-key-differences-for-small-businesses/feed/index.html]
[creativewebsitemarketing.com/wp-json/oembed/1.0/embed3e11.json]
[creativewebsitemarketing.com/wp-json/oembed/1.0/embedf56b]
[creativewebsitemarketing.com/how-does-b2b-vs-b2c-marketing-compare-3-key-differences-for-small-businesses/index.html]
[creativewebsitemarketing.com/wp-content/uploads/10-1024x536.png]
[creativewebsitemarketing.com/wp-json/wp/v2/posts/208.json]
[creativewebsitemarketing.com/mobile-seo-part-2-are-you-ready-for-googles-mobile-first-index/feed/index.html]
[creativewebsitemarketing.com/wp-json/oembed/1.0/embed85b1.json]
[creativewebsitemarketing.com/wp-json/oembed/1.0/embed40f7]
[creativewebsitemarketing.com/mobile-seo-part-2-are-you-ready-for-googles-mobile-first-index/index.html]
[creativewebsitemarketing.com/wp-content/uploads/Mobile-SEO-Part-2-Image.jpg]
[creativewebsitemarketing.com/wp-json/wp/v2/posts/194.json]
[creativewebsitemarketing.com/mobile-seo-part-1-meet-customer-needs-mobile-user-experience/feed/index.html]
[creativewebsitemarketing.com/wp-json/oembed/1.0/embed1282.json]
[creativewebsitemarketing.com/wp-json/oembed/1.0/embed7a35]
[creativewebsitemarketing.com/mobile-seo-part-1-meet-customer-needs-mobile-user-experience/index.html]
[creativewebsitemarketing.com/wp-content/uploads/Mobile-SEO-Part-1-Image.jpg]
[creativewebsitemarketing.com/wp-json/wp/v2/posts/178.json]
[creativewebsitemarketing.com/defined-strategy-behind-content-marketing-efforts-not-start-5-components-build-foundation/feed/index.html]
[creativewebsitemarketing.com/wp-json/oembed/1.0/embed36e6.json]
[creativewebsitemarketing.com/wp-json/oembed/1.0/embed1ac2]
[creativewebsitemarketing.com/defined-strategy-behind-content-marketing-efforts-not-start-5-components-build-foundation/index.html]
[creativewebsitemarketing.com/wp-content/uploads/Content-Marketing-Blog-Post-Image.jpg]
[creativewebsitemarketing.com/wp-json/wp/v2/posts/157.json]
[creativewebsitemarketing.com/google-adwords-paid-search-campaign-no-leads-3-ways-recharge-paid-strategy/feed/index.html]
[creativewebsitemarketing.com/wp-json/oembed/1.0/embed9c97.json]
[creativewebsitemarketing.com/wp-json/oembed/1.0/embedafe0]
[creativewebsitemarketing.com/google-adwords-paid-search-campaign-no-leads-3-ways-recharge-paid-strategy/index.html]
[creativewebsitemarketing.com/wp-content/uploads/Google-Adwords-Paid-Search-Creative-Website-Marketing-1.png]
[creativewebsitemarketing.com/wp-json/wp/v2/posts/143.json]
[creativewebsitemarketing.com/business-optimized-google-business-listing-bing-places-business/feed/index.html]
[creativewebsitemarketing.com/wp-json/oembed/1.0/embedef07.json]
[creativewebsitemarketing.com/wp-json/oembed/1.0/embed06af]
[creativewebsitemarketing.com/wp-content/uploads/Google-My-Business-GMB-Creative-Website-Marketing-1024x583.png]
[creativewebsitemarketing.com/business-optimized-google-business-listing-bing-places-business/index.html]
[creativewebsitemarketing.com/wp-content/uploads/Google-My-Business-GMB-Post-Creative-Website-Marketing.png]
[creativewebsitemarketing.com/wp-json/wp/v2/posts/127.json]
[creativewebsitemarketing.com/evolution-creative-website-marketing-1999-2017/feed/index.html]
[creativewebsitemarketing.com/wp-json/oembed/1.0/embedb257.json]
[creativewebsitemarketing.com/wp-json/oembed/1.0/embeda2f6]
[creativewebsitemarketing.com/evolution-creative-website-marketing-1999-2017/index.html]
[creativewebsitemarketing.com/index3272.html]
[creativewebsitemarketing.com/index8d09.html]
[creativewebsitemarketing.com/index3560.html]
[creativewebsitemarketing.com/index045a.html]
[creativewebsitemarketing.com/indexad6f.html]
[creativewebsitemarketing.com/index9a2f.html]
[creativewebsitemarketing.com/wp-content/uploads/cwm-slider-1-1-1024x683.jpg]
[creativewebsitemarketing.com/hello-world/index.html]
[creativewebsitemarketing.com/wp-json/wp/v2/categories/16.json]
[creativewebsitemarketing.com/category/blog/index.html]
[creativewebsitemarketing.com/category/blog/page/2/index.html]
[creativewebsitemarketing.com/category/blog/feed/index.html]
[creativewebsitemarketing.com/category/blog/page/3/index.html]
[creativewebsitemarketing.com/category/blog/page/4/index.html]
[creativewebsitemarketing.com/wp-json/wp/v2/users/28.json]
[creativewebsitemarketing.com/author/sam-hill-17/index.html]
[creativewebsitemarketing.com/category/blog/page/14/index.html]
[creativewebsitemarketing.com/author/sam-hill-17/feed/index.html]
[creativewebsitemarketing.com/author/sam-hill-17/page/2/index.html]
[creativewebsitemarketing.com/wp-content/uploads/google-ads-campaign-dashboard.svg]
[creativewebsitemarketing.com/cdn-cgi/l/email-protection.html]
[creativewebsitemarketing.com/index94b4.html]
[creativewebsitemarketing.com/indexb993.html]
[creativewebsitemarketing.com/author/sam-hill-17/page/3/index.html]
[creativewebsitemarketing.com/author/sam-hill-17/page/4/index.html]
[creativewebsitemarketing.com/author/sam-hill-17/page/10/index.html]
[creativewebsitemarketing.com/wp-json/wp/v2/users/10.json]
[creativewebsitemarketing.com/author/debbiehill/index.html]
[creativewebsitemarketing.com/index3354.html]
[creativewebsitemarketing.com/wp-includes/blocks/heading/style.min41a3.css]
[creativewebsitemarketing.com/wp-includes/blocks/paragraph/style.min41a3.css]
[creativewebsitemarketing.com/indexc436.html]
[creativewebsitemarketing.com/indexe27f.html]
[creativewebsitemarketing.com/indexa813.html]
[creativewebsitemarketing.com/indexead0.html]
[creativewebsitemarketing.com/author/debbiehill/page/2/index.html]
[creativewebsitemarketing.com/wp-includes/js/mediaelement/mejs-controls.svg]
[creativewebsitemarketing.com/wp-includes/js/mediaelement/mediaelementplayer-legacy.min08e1.css]
[creativewebsitemarketing.com/wp-includes/js/mediaelement/wp-mediaelement.min41a3.css]
[creativewebsitemarketing.com/index7736.html]
[creativewebsitemarketing.com/2019/05/22/bing-ads-becomes-microsoft-advertising-signaling-a-new-direction/index.html]
[creativewebsitemarketing.com/2019/04/19/what-are-responsive-search-ads/index.html]
[creativewebsitemarketing.com/2019/03/27/5-google-ad-extensions-to-enhance-ppc-strategy/index.html]
[creativewebsitemarketing.com/2019/05/16/google-marketing-live-2019-ads-innovation-keynote-recap-highlights-insights/index.html]
[creativewebsitemarketing.com/2019/04/23/what-are-custom-intent-audiences-in-google-ads/index.html]
[creativewebsitemarketing.com/2019/04/03/4-keys-to-creating-landing-pages-that-convert/index.html]
[creativewebsitemarketing.com/2019/03/11/should-your-business-be-advertising-on-linkedin/index.html]
[creativewebsitemarketing.com/2019/06/18/5-ways-to-maximize-budget-in-google-ads/index.html]
[creativewebsitemarketing.com/2019/05/08/5-benefits-of-hiring-a-digital-marketing-agency/index.html]
[creativewebsitemarketing.com/index6e3f.html]
[creativewebsitemarketing.com/indexc24a.html]
[creativewebsitemarketing.com/index879c.html]
[creativewebsitemarketing.com/index72dd.html]
[creativewebsitemarketing.com/index6c26.html]
[creativewebsitemarketing.com/indexe837.html]
[creativewebsitemarketing.com/index2386.html]
[creativewebsitemarketing.com/indexef27.html]
[creativewebsitemarketing.com/indexad19.html]
[creativewebsitemarketing.com/index4648.html]
[creativewebsitemarketing.com/the-understated-value-of-adwords-campaign-structure/index.html]
[creativewebsitemarketing.com/indexa51d.html]
[creativewebsitemarketing.com/indexfb99.html]
[creativewebsitemarketing.com/index19e0.html]
[creativewebsitemarketing.com/indexd78f.html]
[creativewebsitemarketing.com/index70af.html]
[creativewebsitemarketing.com/index92cd.html]
[creativewebsitemarketing.com/author/debbiehill/feed/index.html]
[creativewebsitemarketing.com/wp-json/wp/v2/pages/3569.json]
[creativewebsitemarketing.com/wp-json/oembed/1.0/embed7909.json]
[creativewebsitemarketing.com/wp-json/oembed/1.0/embed18ad]
[creativewebsitemarketing.com/wp-content/uploads/Bar-Graph-2b.png]
[creativewebsitemarketing.com/wp-content/uploads/Request-a-Proposal-Process-video-1230a.m4v]
[creativewebsitemarketing.com/wp-content/uploads/Request-a-Proposal-Process-video-1.m4v]
[creativewebsitemarketing.com/lead-generation/index.html]
[creativewebsitemarketing.com/index20d6.html]
[creativewebsitemarketing.com/indexfbc3.html]
[creativewebsitemarketing.com/indexc93d.html]
[creativewebsitemarketing.com/index3e3f.html]
[creativewebsitemarketing.com/wp-json/wp/v2/pages/4037.json]
[creativewebsitemarketing.com/wp-json/oembed/1.0/embed822f.json]
[creativewebsitemarketing.com/wp-json/oembed/1.0/embed363b]
[creativewebsitemarketing.com/content-creation/index.html]
[creativewebsitemarketing.com/social-media-marketing/index.html]
[creativewebsitemarketing.com/wp-json/wp/v2/pages/3947.json]
[creativewebsitemarketing.com/wp-json/oembed/1.0/embed1199.json]
[creativewebsitemarketing.com/wp-json/oembed/1.0/embedca05]
[creativewebsitemarketing.com/brand-awareness/index.html]
[creativewebsitemarketing.com/indexf30f.html]
[creativewebsitemarketing.com/4-keys-to-creating-landing-pages-that-convert/index.html]
[creativewebsitemarketing.com/index1de4.html]
[creativewebsitemarketing.com/how-the-search-engine-results-page-serp-is-changing-in-2019/index.html]
[creativewebsitemarketing.com/index07c0.html]
[creativewebsitemarketing.com/wp-content/uploads/15.png]
[creativewebsitemarketing.com/wp-json/wp/v2/pages/2246.json]
[creativewebsitemarketing.com/wp-json/oembed/1.0/embed0965.json]
[creativewebsitemarketing.com/wp-json/oembed/1.0/embeda81e]
[creativewebsitemarketing.com/digital-marketing-strategy/index.html]
[creativewebsitemarketing.com/index4b40.html]
[creativewebsitemarketing.com/how-to-create-a-cro-strategy-in-2019-5-actionable-tactics/index.html]
[creativewebsitemarketing.com/index70b5.html]
[creativewebsitemarketing.com/2018/04/16/authenticity-is-in-demand/index.html]
[creativewebsitemarketing.com/wp-content/uploads/Game-Plan-9.png]
[creativewebsitemarketing.com/define-your-marketing-goals/index.html]
[creativewebsitemarketing.com/wp-json/wp/v2/pages/2151.json]
[creativewebsitemarketing.com/wp-json/oembed/1.0/embed1599.json]
[creativewebsitemarketing.com/wp-json/oembed/1.0/embed7e1c]
[creativewebsitemarketing.com/wp-content/uploads/19.png]
[creativewebsitemarketing.com/conversion-rate-optimization/index.html]
[creativewebsitemarketing.com/index40ea.html]
[creativewebsitemarketing.com/2019/08/19/how-the-search-engine-results-page-serp-is-changing-in-2019/index.html]
[creativewebsitemarketing.com/2019/06/04/google-implements-changes-to-mobile-search-results-page/index.html]
[creativewebsitemarketing.com/index1fb0.html]
[creativewebsitemarketing.com/2018/08/01/the-rise-of-voice-search/index.html]
[creativewebsitemarketing.com/2017/07/28/business-optimized-google-business-listing-bing-places-business/index.html]
[creativewebsitemarketing.com/2017/09/05/how-to-get-google-my-business-reviews-fast-supercharge-your-5-star-reviews/index.html]
[creativewebsitemarketing.com/2019/08/12/complete-guide-to-ppc-marketing/index.html]
[creativewebsitemarketing.com/wp-json/wp/v2/pages/2097.json]
[creativewebsitemarketing.com/user-experience/index.html]
[creativewebsitemarketing.com/wp-json/oembed/1.0/embed6528.json]
[creativewebsitemarketing.com/wp-json/oembed/1.0/embed860e]
[creativewebsitemarketing.com/content-marketing/index.html]
[creativewebsitemarketing.com/indexb0e3.html]
[creativewebsitemarketing.com/indexa731.html]
[creativewebsitemarketing.com/indexcfab.html]
[creativewebsitemarketing.com/2018/06/19/the-understated-value-of-adwords-campaign-structure/index.html]
[creativewebsitemarketing.com/index664d.html]
[creativewebsitemarketing.com/2019/05/30/digital-marketing-updates-january-may-2019/index.html]
[creativewebsitemarketing.com/index724e.html]
[creativewebsitemarketing.com/index94e7.html]
[creativewebsitemarketing.com/2019/03/29/what-is-instagram-checkout-what-does-it-mean-for-digital-marketers/index.html]
[creativewebsitemarketing.com/indexd201.html]
[creativewebsitemarketing.com/2019/02/07/reddit-branches-into-cpc-ads-creating-another-advertising-platform-for-digital-marketers/index.html]
[creativewebsitemarketing.com/indexdf16.html]
[creativewebsitemarketing.com/indexca7c.html]
[creativewebsitemarketing.com/index559c.html]
[creativewebsitemarketing.com/wp-content/uploads/Pencil-7b.png]
[creativewebsitemarketing.com/wp-json/wp/v2/categories/22.json]
[creativewebsitemarketing.com/category/content-marketing/index.html]
[creativewebsitemarketing.com/index6dbe.html]
[creativewebsitemarketing.com/index4413.html]
[creativewebsitemarketing.com/indexb2a8.html]
[creativewebsitemarketing.com/2019/07/17/how-to-increase-your-google-ads-clickthrough-rate-ctr/index.html]
[creativewebsitemarketing.com/index2b52.html]
[creativewebsitemarketing.com/category/content-marketing/feed/index.html]
[creativewebsitemarketing.com/wp-json/wp/v2/users/24.json]
[creativewebsitemarketing.com/author/drew0927/index.html]
[creativewebsitemarketing.com/index2a95.html]
[creativewebsitemarketing.com/indexc5f9.html]
[creativewebsitemarketing.com/indexc3f0.html]
[creativewebsitemarketing.com/index5e02.html]
[creativewebsitemarketing.com/index25b8.html]
[creativewebsitemarketing.com/index2d25.html]
[creativewebsitemarketing.com/index8c8c.html]
[creativewebsitemarketing.com/indexa942.html]
[creativewebsitemarketing.com/index23ea.html]
[creativewebsitemarketing.com/2018/03/30/beyond-blog-posts-delivering-content-through-new-formats/index.html]
[creativewebsitemarketing.com/2018/04/06/the-value-of-interactive-content/index.html]
[creativewebsitemarketing.com/index3922.html]
[creativewebsitemarketing.com/indexca25.html]
[creativewebsitemarketing.com/indexf6a9.html]
[creativewebsitemarketing.com/2017/08/14/mobile-seo-part-2-are-you-ready-for-googles-mobile-first-index/index.html]
[creativewebsitemarketing.com/index8844.html]
[creativewebsitemarketing.com/index8902.html]
[creativewebsitemarketing.com/index67bc.html]
[creativewebsitemarketing.com/index7d69.html]
[creativewebsitemarketing.com/indexb4c1.html]
[creativewebsitemarketing.com/index0eba.html]
[creativewebsitemarketing.com/2017/08/10/mobile-seo-part-1-meet-customer-needs-mobile-user-experience/index.html]
[creativewebsitemarketing.com/indexc8fa.html]
[creativewebsitemarketing.com/indexb50d.html]
[creativewebsitemarketing.com/index5791.html]
[creativewebsitemarketing.com/indexdc22.html]
[creativewebsitemarketing.com/index9751.html]
[creativewebsitemarketing.com/author/drew0927/page/2/index.html]
[creativewebsitemarketing.com/author/drew0927/feed/index.html]
[creativewebsitemarketing.com/wp-json/wp/v2/posts/1.json]
[creativewebsitemarketing.com/hello-world/feed/index.html]
[creativewebsitemarketing.com/wp-json/oembed/1.0/embed6bc2.json]
[creativewebsitemarketing.com/wp-json/oembed/1.0/embed22cd]
[creativewebsitemarketing.com/hello-world/index.html]
[creativewebsitemarketing.com/category/blog/page/2/index.html]
[creativewebsitemarketing.com/category/blog/page/3/index.html]
[creativewebsitemarketing.com/author/christine/index.html]
[creativewebsitemarketing.com/category/blog/page/5/index.html]
[creativewebsitemarketing.com/category/blog/page/4/index.html]
[creativewebsitemarketing.com/category/uncategorized/index.html]
[creativewebsitemarketing.com/category/blog/page/14/index.html]
[creativewebsitemarketing.com/category/blog/page/6/index.html]
[creativewebsitemarketing.com/author/sam-hill-17/page/2/index.html]
[creativewebsitemarketing.com/category/blog/page/13/index.html]
[creativewebsitemarketing.com/category/blog/page/7/index.html]
[creativewebsitemarketing.com/author/sam-hill-17/page/3/index.html]
[creativewebsitemarketing.com/category/blog/page/11/index.html]
[creativewebsitemarketing.com/author/sam-hill-17/page/4/index.html]
[creativewebsitemarketing.com/category/blog/page/12/index.html]
[creativewebsitemarketing.com/author/sam-hill-17/page/5/index.html]
[creativewebsitemarketing.com/author/sam-hill-17/page/10/index.html]
[creativewebsitemarketing.com/author/sam-hill-17/page/6/index.html]
[creativewebsitemarketing.com/author/sam-hill-17/page/7/index.html]
[creativewebsitemarketing.com/author/sam-hill-17/page/9/index.html]
[creativewebsitemarketing.com/author/debbiehill/page/2/index.html]
[creativewebsitemarketing.com/author/sam-hill-17/page/8/index.html]
[creativewebsitemarketing.com/wp-includes/js/mediaelement/mejs-controls.svg]
[creativewebsitemarketing.com/index46af.html]
[creativewebsitemarketing.com/index1948.html]
[creativewebsitemarketing.com/wp-json/wp/v2/pages/2218.json]
[creativewebsitemarketing.com/wp-json/oembed/1.0/embed69c2.json]
[creativewebsitemarketing.com/wp-json/oembed/1.0/embeddb3f]
[creativewebsitemarketing.com/wp-content/uploads/facebook_logos_PNG19748-1024x1024.png]
[creativewebsitemarketing.com/wp-content/uploads/580b57fcd9996e24bc43c545.png]
[creativewebsitemarketing.com/wp-content/uploads/580b57fcd9996e24bc43c521.png]
[creativewebsitemarketing.com/wp-content/uploads/LinkedIn_logo_initials.png]
[creativewebsitemarketing.com/wp-content/uploads/twitter-png-logo-twitter-logo-vector-png-clipart-library-518.png]
[creativewebsitemarketing.com/wp-content/uploads/580b57fcd9996e24bc43c52e.png]
[creativewebsitemarketing.com/wp-content/uploads/Facebook-1.png]
[creativewebsitemarketing.com/wp-content/uploads/Instagram-1.png]
[creativewebsitemarketing.com/wp-content/uploads/Youtube-3.png]
[creativewebsitemarketing.com/wp-content/uploads/Twitter-1.png]
[creativewebsitemarketing.com/wp-content/uploads/LinkedIn-1.png]
[creativewebsitemarketing.com/wp-content/uploads/Pinterest-1.png]
[creativewebsitemarketing.com/social-media-marketing/index.html]
[creativewebsitemarketing.com/indexa66b.html]
[creativewebsitemarketing.com/index5210.html]
[creativewebsitemarketing.com/wp-json/wp/v2/pages/4078.json]
[creativewebsitemarketing.com/wp-json/oembed/1.0/embed33bd.json]
[creativewebsitemarketing.com/wp-json/oembed/1.0/embedb86e]
[creativewebsitemarketing.com/wp-content/uploads/64-1.png]
[creativewebsitemarketing.com/define-your-marketing-goals/index.html]
[creativewebsitemarketing.com/indexc757.html]
[creativewebsitemarketing.com/wp-json/wp/v2/pages/3990.json]
[creativewebsitemarketing.com/wp-json/oembed/1.0/embed7b38.json]
[creativewebsitemarketing.com/wp-json/oembed/1.0/embedcf1f]
[creativewebsitemarketing.com/user-experience/index.html]
[creativewebsitemarketing.com/index149e.html]
[creativewebsitemarketing.com/author/drew0927/page/2/index.html]
[creativewebsitemarketing.com/indexcff1.html]
[creativewebsitemarketing.com/wp-content/uploads/Plain-Mobile-Phone-5c.png]
[creativewebsitemarketing.com/wp-json/wp/v2/categories/1.json]
[creativewebsitemarketing.com/category/uncategorized/index.html]
[creativewebsitemarketing.com/category/uncategorized/feed/index.html]
[creativewebsitemarketing.com/wp-json/wp/v2/users/33.json]
[creativewebsitemarketing.com/author/christine/index.html]
[creativewebsitemarketing.com/category/blog/page/1/index.html]
[creativewebsitemarketing.com/category/blog/page/5/index.html]
[creativewebsitemarketing.com/category/blog/page/6/index.html]
[creativewebsitemarketing.com/category/blog/page/7/index.html]
[creativewebsitemarketing.com/category/blog/page/9/index.html]
[creativewebsitemarketing.com/category/blog/page/13/index.html]
[creativewebsitemarketing.com/category/blog/page/11/index.html]
[creativewebsitemarketing.com/category/blog/page/12/index.html]
[creativewebsitemarketing.com/author/sam-hill-17/page/1/index.html]
[creativewebsitemarketing.com/author/sam-hill-17/page/5/index.html]
[creativewebsitemarketing.com/author/sam-hill-17/page/6/index.html]
[creativewebsitemarketing.com/author/sam-hill-17/page/7/index.html]
[creativewebsitemarketing.com/author/sam-hill-17/page/9/index.html]
[creativewebsitemarketing.com/author/sam-hill-17/page/8/index.html]
[creativewebsitemarketing.com/author/debbiehill/page/1/index.html]
[creativewebsitemarketing.com/index82ae.html]
[creativewebsitemarketing.com/index61dc.html]
[creativewebsitemarketing.com/index01a0.html]
[creativewebsitemarketing.com/author/drew0927/page/1/index.html]
[creativewebsitemarketing.com/category/blog/page/8/index.html]
[creativewebsitemarketing.com/category/blog/page/10/index.html]
[creativewebsitemarketing.com/author/christine/feed/index.html]
[creativewebsitemarketing.com/category/blog/page/8/index.html]
[creativewebsitemarketing.com/category/blog/page/9/index.html]
[creativewebsitemarketing.com/category/blog/page/10/index.html]
